gistered nosave memory: 000000000009f000 - 00000000000a0000
[    0.000000] PM: Registered nosave memory: 00000000000a0000 - 00000000000ca000
[    0.000000] PM: Registered nosave memory: 00000000000ca000 - 00000000000cc000
[    0.000000] PM: Registered nosave memory: 00000000000cc000 - 00000000000dc000
[    0.000000] PM: Registered nosave memory: 00000000000dc000 - 0000000000100000
[    0.000000] PM: Registered nosave memory: 000000001fee0000 - 000000001feff000
[    0.000000] PM: Registered nosave memory: 000000001feff000 - 000000001ff00000
[    0.000000] Allocating PCI resources starting at 20000000 (gap: 20000000:d0000000)
[    0.000000] Booting paravirtualized kernel on bare hardware
[    0.000000] NR_CPUS:8 nr_cpumask_bits:8 nr_cpu_ids:8 nr_node_ids:1
[    0.000000] PERCPU: Embedded 14 pages/cpu @c1800000 s36024 r0 d21320 u524288
[    0.000000] pcpu-alloc: s36024 r0 d21320 u524288 alloc=1*4194304
[    0.000000] pcpu-alloc: [0] 0 1 2 3 4 5 6 7 
[    0.000000] Built 1 zonelists in Zone order, mobility grouping on.  Total pages: 129902
[    0.000000] Kernel command line: BOOT_IMAGE=/boot/vmlinuz-2.6.32-21-generic root=UUID=324ae4e0-5d72-4d3a-93c6-ca646039a69c ro quiet splash
[    0.000000] PID hash table entries: 2048 (order: 1, 8192 bytes)
[    0.000000] Dentry cache hash table entries: 65536 (order: 6, 262144 bytes)
[    0.000000] Inode-cache hash table entries: 32768 (order: 5, 131072 bytes)
[    0.000000] Enabling fast FPU save and restore... done.
[    0.000000] Enabling unmasked SIMD FPU exception support... done.
[    0.000000] Initializing CPU#0
[    0.000000] xsave/xrstor: enabled xstate_bv 0x3, cntxt size 0x240
[    0.000000] allocated 2621120 bytes of page_cgroup
[    0.000000] please try 'cgroup_disable=memory' option if you don't want memory cgroups
[    0.000000] Initializing HighMem for node 0 (00000000:00000000)
[    0.000000] Memory: 499624k/524288k available (4673k kernel code, 23408k reserved, 2122k data, 656k init, 0k highmem)
[    0.000000] virtual kernel memory layout:
[    0.000000]     fixmap  : 0xfff1d000 - 0xfffff000   ( 904 kB)
[    0.000000]     pkmap   : 0xff800000 - 0xffc00000   (4096 kB)
[    0.000000]     vmalloc : 0xe0800000 - 0xff7fe000   ( 495 MB)
[    0.000000]     lowmem  : 0xc0000000 - 0xe0000000   ( 512 MB)
[    0.000000]       .init : 0xc07a3000 - 0xc0847000   ( 656 kB)
[    0.000000]       .data : 0xc0590613 - 0xc07a2e48   (2122 kB)
[    0.000000]       .text : 0xc0100000 - 0xc0590613   (4673 kB)
[    0.000000] Checking if this processor honours the WP bit even in supervisor mode...Ok.
[    0.000000] SLUB: Genslabs=13, HWalign=64, Order=0-3, MinObjects=0, CPUs=8, Nodes=1
[    0.000000] Hierarchical RCU implementation.
[    0.000000] NR_IRQS:2304 nr_irqs:472
[    0.000000] Extended CMOS year: 2000
[    0.000000] Console: colour VGA+ 80x25
[    0.000000] console [tty0] enabled
[    0.000000] hpet clockevent registered
[    0.000000] HPET: 16 timers in total, 0 timers will be used for per-cpu timer
[    0.000000] TSC freq read from hypervisor : 2926.059 MHz
[    0.000000] Detected 2926.059 MHz processor.
[    0.000005] Calibrating delay loop (skipped), value calculated using timer frequency.. 5852.11 BogoMIPS (lpj=11704236)
[    0.000074] Security Framework initialized
[    0.000141] AppArmor: AppArmor initialized
[    0.000178] Mount-cache hash table entries: 512
[    0.001379] Initializing cgroup subsys ns
[    0.001389] Initializing cgroup subsys cpuacct
[    0.001393] Initializing cgroup subsys memory
[    0.001397] Initializing cgroup subsys devices
[    0.001399] Initializing cgroup subsys freezer
[    0.001403] Initializing cgroup subsys net_cls
[    0.001457] CPU: Physical Processor ID: 0
[    0.001466] CPU: L1 I cache: 32K, L1 D cache: 32K
[    0.001468] CPU: L2 cache: 3072K
[    0.001479] mce: CPU supports 0 MCE banks
[    0.001535] Performance Events: no PMU driver, software events only.
[    0.001648] Checking 'hlt' instruction... OK.
[    0.022359] SMP alternatives: switching to UP code
[    0.106657] ACPI: Core revision 20090903
[    0.122651] ftrace: converting mcount calls to 0f 1f 44 00 00
[    0.122686] ftrace: allocating 21771 entries in 43 pages
[    0.157807] Not enabling x2apic, Intr-remapping init failed.
[    0.157811] Enabling APIC mode:  Flat.  Using 1 I/O APICs
[    0.158642] ..TIMER: vector=0x30 apic1=0 pin1=2 apic2=-1 pin2=-1
[    0.203365] CPU0: Intel(R) Core(TM)2 Duo CPU     E7500  @ 2.93GHz stepping 0a
[    0.313614] Brought up 1 CPUs
[    0.313617] Total of 1 processors activated (5852.11 BogoMIPS).
[    0.313850] CPU0 attaching NULL sched-domain.
[    0.314185] devtmpfs: initialized
[    0.314753] regulator: core version 0.5
[    0.314831] Time:  3:13:04  Date: 01/06/15
[    0.314961] NET: Registered protocol family 16
[    0.315139] EISA bus registered
[    0.315150] ACPI: bus type pci registered
[    0.315386] PCI: MCFG configuration 0: base f0000000 segment 0 buses 0 - 127
[    0.315388] PCI: MCFG area at f0000000 reserved in E820
[    0.315390] PCI: Using MMCONFIG for extended config space
[    0.315391] PCI: Using configuration type 1 for base access
[    0.316365] bio: create slab <bio-0> at 0
[    0.318471] ACPI: EC: Look up EC in DSDT
[    0.370454] ACPI: BIOS _OSI(Linux) query ignored
[    0.375827] ACPI: Interpreter enabled
[    0.375853] ACPI: (supports S0 S1 S4 S5)
[    0.375867] ACPI: Using IOAPIC for interrupt routing
[    0.509732] ACPI: No dock devices found.
[    0.510707] ACPI: PCI Root Bridge [PCI0] (0000:00)
[    0.512364] pci 0000:00:07.1: reg 20 io port: [0x1060-0x106f]
[    0.512853] pci 0000:00:07.3: quirk: region 1000-103f claimed by PIIX4 ACPI
[    0.512865] pci 0000:00:07.3: quirk: region 1040-104f claimed by PIIX4 SMB
[    0.513455] pci 0000:00:07.7: reg 10 io port: [0x1080-0x10bf]
[    0.513910] pci 0000:00:07.7: reg 14 64bit mmio: [0xfebfe000-0xfebfffff]
[    0.517365] pci 0000:00:0f.0: reg 10 io port: [0x1070-0x107f]
[    0.517405] pci 0000:00:0f.0: reg 14 32bit mmio pref: [0xe8000000-0xefffffff]
[    0.517441] pci 0000:00:0f.0: reg 18 32bit mmio: [0xfe000000-0xfe7fffff]
[    0.517613] pci 0000:00:0f.0: reg 30 32bit mmio pref: [0x000000-0x007fff]
[    0.518137] pci 0000:00:10.0: reg 10 io port: [0x1400-0x14ff]
[    0.518873] pci 0000:00:10.0: reg 14 64bit mmio: [0xfeba0000-0xfebbffff]
[    0.519269] pci 0000:00:10.0: reg 1c 64bit mmio: [0xfebc0000-0xfebdffff]
[    0.519341] pci 0000:00:10.0: reg 30 32bit mmio pref: [0x000000-0x003fff]
[    0.520438] pci 0000:00:15.0: PME# supported from D0 D3hot D3cold
[    0.520500] pci 0000:00:15.0: PME# disabled
[    0.521166] pci 0000:00:15.1: PME# supported from D0 D3hot D3cold
[    0.521194] pci 0000:00:15.1: PME# disabled
[    0.521836] pci 0000:00:15.2: PME# supported from D0 D3hot D3cold
[    0.521871] pci 0000:00:15.2: PME# disabled
[    0.522698] pci 0000:00:15.3: PME# supported from D0 D3hot D3cold
[    0.522719] pci 0000:00:15.3: PME# disabled
[    0.523356] pci 0000:00:15.4: PME# supported from D0 D3hot D3cold
[    0.523375] pci 0000:00:15.4: PME# disabled
[    0.524244] pci 0000:00:15.5: PME# supported from D0 D3hot D3cold
[    0.524264] pci 0000:00:15.5: PME# disabled
[    0.524930] pci 0000:00:15.6: PME# supported from D0 D3hot D3cold
[    0.524950] pci 0000:00:15.6: PME# disabled
[    0.525585] pci 0000:00:15.7: PME# supported from D0 D3hot D3cold
[    0.525610] pci 0000:00:15.7: PME# disabled
[    0.526747] pci 0000:00:16.0: PME# supported from D0 D3hot D3cold
[    0.526769] pci 0000:00:16.0: PME# disabled
[    0.528671] pci 0000:00:16.1: PME# supported from D0 D3hot D3cold
[    0.528692] pci 0000:00:16.1: PME# disabled
[    0.529330] pci 0000:00:16.2: PME# supported from D0 D3hot D3cold
[    0.529350] pci 0000:00:16.2: PME# disabled
[    0.532055] pci 0000:00:16.3: PME# supported from D0 D3hot D3cold
[    0.532077] pci 0000:00:16.3: PME# disabled
[    0.532736] pci 0000:00:16.4: PME# supported from D0 D3hot D3cold
[    0.532755] pci 0000:00:16.4: PME# disabled
[    0.533392] pci 0000:00:16.5: PME# supported from D0 D3hot D3cold
[    0.533419] pci 0000:00:16.5: PME# disabled
[    0.534055] pci 0000:00:16.6: PME# supported from D0 D3hot D3cold
[    0.534074] pci 0000:00:16.6: PME# disabled
[    0.534729] pci 0000:00:16.7: PME# supported from D0 D3hot D3cold
[    0.534749] pci 0000:00:16.7: PME# disabled
[    0.535384] pci 0000:00:17.0: PME# supported from D0 D3hot D3cold
[    0.535415] pci 0000:00:17.0: PME# disabled
[    0.536066] pci 0000:00:17.1: PME# supported from D0 D3hot D3cold
[    0.536086] pci 0000:00:17.1: PME# disabled
[    0.536728] pci 0000:00:17.2: PME# supported from D0 D3hot D3cold
[    0.536748] pci 0000:00:17.2: PME# disabled
[    0.537607] pci 0000:00:17.3: PME# supported from D0 D3hot D3cold
[    0.537627] pci 0000:00:17.3: PME# disabled
[    0.538263] pci 0000:00:17.4: PME# supported from D0 D3hot D3cold
[    0.538282] pci 0000:00:17.4: PME# disabled
[    0.538931] pci 0000:00:17.5: PME# supported from D0 D3hot D3cold
[    0.538951] pci 0000:00:17.5: PME# disabled
[    0.539735] pci 0000:00:17.6: PME# supported from D0 D3hot D3cold
[    0.539755] pci 0000:00:17.6: PME# disabled
[    0.540425] pci 0000:00:17.7: PME# supported from D0 D3hot D3cold
[    0.540444] pci 0000:00:17.7: PME# disabled
[    0.541083] pci 0000:00:18.0: PME# supported from D0 D3hot D3cold
[    0.541102] pci 0000:00:18.0: PME# disabled
[    0.541747] pci 0000:00:18.1: PME# supported from D0 D3hot D3cold
[    0.541766] pci 0000:00:18.1: PME# disabled
[    0.542458] pci 0000:00:18.2: PME# supported from D0 D3hot D3cold
[    0.542478] pci 0000:00:18.2: PME# disabled
[    0.543123] pci 0000:00:18.3: PME# supported from D0 D3hot D3cold
[    0.543143] pci 0000:00:18.3: PME# disabled
[    0.545336] pci 0000:00:18.4: PME# supported from D0 D3hot D3cold
[    0.545357] pci 0000:00:18.4: PME# disabled
[    0.547800] pci 0000:00:18.5: PME# supported from D0 D3hot D3cold
[    0.547842] pci 0000:00:18.5: PME# disabled
[    0.548536] pci 0000:00:18.6: PME# supported from D0 D3hot D3cold
[    0.548556] pci 0000:00:18.6: PME# disabled
[    0.549196] pci 0000:00:18.7: PME# supported from D0 D3hot D3cold
[    0.549215] pci 0000:00:18.7: PME# disabled
[    0.550407] pci 0000:02:00.0: reg 20 io port: [0x20c0-0x20df]
[    0.550955] pci 0000:02:01.0: reg 10 io port: [0x2000-0x207f]
[    0.551160] pci 0000:02:01.0: reg 30 32bit mmio pref: [0x000000-0x00ffff]
[    0.551856] pci 0000:02:02.0: reg 10 io port: [0x2080-0x20bf]
[    0.552520] pci 0000:02:03.0: reg 10 32bit mmio: [0xfd5ff000-0xfd5fffff]
[    0.553464] pci 0000:02:05.0: reg 24 32bit mmio: [0xfd5fe000-0xfd5fefff]
[    0.553503] pci 0000:02:05.0: reg 30 32bit mmio pref: [0x000000-0x00ffff]
[    0.553688] pci 0000:02:05.0: PME# supported from D3hot
[    0.553708] pci 0000:02:05.0: PME# disabled
[    0.554006] pci 0000:00:11.0: transparent bridge
[    0.554025] pci 0000:00:11.0: bridge io port: [0x2000-0x3fff]
[    0.554045] pci 0000:00:11.0: bridge 32bit mmio: [0xfd500000-0xfdffffff]
[    0.554082] pci 0000:00:11.0: bridge 64bit mmio pref: [0xe7b00000-0xe7ffffff]
[    0.554618] pci 0000:00:15.0: bridge io port: [0x4000-0x4fff]
[    0.554639] pci 0000:00:15.0: bridge 32bit mmio: [0xfd400000-0xfd4fffff]
[    0.554680] pci 0000:00:15.0: bridge 64bit mmio pref: [0xe7a00000-0xe7afffff]
[    0.555055] pci 0000:00:15.1: bridge io port: [0x8000-0x8fff]
[    0.555074] pci 0000:00:15.1: bridge 32bit mmio: [0xfd000000-0xfd0fffff]
[    0.555112] pci 0000:00:15.1: bridge 64bit mmio pref: [0xe7600000-0xe76fffff]
[    0.555581] pci 0000:00:15.2: bridge io port: [0xc000-0xcfff]
[    0.555601] pci 0000:00:15.2: bridge 32bit mmio: [0xfcc00000-0xfccfffff]
[    0.555638] pci 0000:00:15.2: bridge 64bit mmio pref: [0xe7200000-0xe72fffff]
[    0.556056] pci 0000:00:15.3: bridge 32bit mmio: [0xfc800000-0xfc8fffff]
[    0.556094] pci 0000:00:15.3: bridge 64bit mmio pref: [0xe6e00000-0xe6efffff]
[    0.556496] pci 0000:00:15.4: bridge 32bit mmio: [0xfc400000-0xfc4fffff]
[    0.556534] pci 0000:00:15.4: bridge 64bit mmio pref: [0xe6a00000-0xe6afffff]
[    0.556921] pci 0000:00:15.5: bridge 32bit mmio: [0xfc000000-0xfc0fffff]
[    0.556958] pci 0000:00:15.5: bridge 64bit mmio pref: [0xe6600000-0xe66fffff]
[    0.557343] pci 0000:00:15.6: bridge 32bit mmio: [0xfbc00000-0xfbcfffff]
[    0.557403] pci 0000:00:15.6: bridge 64bit mmio pref: [0xe6200000-0xe62fffff]
[    0.557789] pci 0000:00:15.7: bridge 32bit mmio: [0xfb800000-0xfb8fffff]
[    0.557826] pci 0000:00:15.7: bridge 64bit mmio pref: [0xe5e00000-0xe5efffff]
[    0.558193] pci 0000:00:16.0: bridge io port: [0x5000-0x5fff]
[    0.558213] pci 0000:00:16.0: bridge 32bit mmio: [0xfd300000-0xfd3fffff]
[    0.558250] pci 0000:00:16.0: bridge 64bit mmio pref: [0xe7900000-0xe79fffff]
[    0.558632] pci 0000:00:16.1: bridge io port: [0x9000-0x9fff]
[    0.558652] pci 0000:00:16.1: bridge 32bit mmio: [0xfcf00000-0xfcffffff]
[    0.558689] pci 0000:00:16.1: bridge 64bit mmio pref: [0xe7500000-0xe75fffff]
[    0.559152] pci 0000:00:16.2: bridge io port: [0xd000-0xdfff]
[    0.559172] pci 0000:00:16.2: bridge 32bit mmio: [0xfcb00000-0xfcbfffff]
[    0.559210] pci 0000:00:16.2: bridge 64bit mmio pref: [0xe7100000-0xe71fffff]
[    0.559603] pci 0000:00:16.3: bridge 32bit mmio: [0xfc700000-0xfc7fffff]
[    0.559640] pci 0000:00:16.3: bridge 64bit mmio pref: [0xe6d00000-0xe6dfffff]
[    0.560043] pci 0000:00:16.4: bridge 32bit mmio: [0xfc300000-0xfc3fffff]
[    0.560080] pci 0000:00:16.4: bridge 64bit mmio pref: [0xe6900000-0xe69fffff]
[    0.560481] pci 0000:00:16.5: bridge 32bit mmio: [0xfbf00000-0xfbffffff]
[    0.560518] pci 0000:00:16.5: bridge 64bit mmio pref: [0xe6500000-0xe65fffff]
[    0.560904] pci 0000:00:16.6: bridge 32bit mmio: [0xfbb00000-0xfbbfffff]
[    0.560942] pci 0000:00:16.6: bridge 64bit mmio pref: [0xe6100000-0xe61fffff]
[    0.561326] pci 0000:00:16.7: bridge 32bit mmio: [0xfb700000-0xfb7fffff]
[    0.561365] pci 0000:00:16.7: bridge 64bit mmio pref: [0xe5d00000-0xe5dfffff]
[    0.561733] pci 0000:00:17.0: bridge io port: [0x6000-0x6fff]
[    0.561753] pci 0000:00:17.0: bridge 32bit mmio: [0xfd200000-0xfd2fffff]
[    0.561791] pci 0000:00:17.0: bridge 64bit mmio pref: [0xe7800000-0xe78fffff]
[    0.562158] pci 0000:00:17.1: bridge io port: [0xa000-0xafff]
[    0.562178] pci 0000:00:17.1: bridge 32bit mmio: [0xfce00000-0xfcefffff]
[    0.562216] pci 0000:00:17.1: bridge 64bit mmio pref: [0xe7400000-0xe74fffff]
[    0.562600] pci 0000:00:17.2: bridge io port: [0xe000-0xefff]
[    0.562620] pci 0000:00:17.2: bridge 32bit mmio: [0xfca00000-0xfcafffff]
[    0.562657] pci 0000:00:17.2: bridge 64bit mmio pref: [0xe7000000-0xe70fffff]
[    0.563041] pci 0000:00:17.3: bridge 32bit mmio: [0xfc600000-0xfc6fffff]
[    0.563079] pci 0000:00:17.3: bridge 64bit mmio pref: [0xe6c00000-0xe6cfffff]
[    0.567020] pci 0000:00:17.4: bridge 32bit mmio: [0xfc200000-0xfc2fffff]
[    0.567059] pci 0000:00:17.4: bridge 64bit mmio pref: [0xe6800000-0xe68fffff]
[    0.567567] pci 0000:00:17.5: bridge 32bit mmio: [0xfbe00000-0xfbefffff]
[    0.567604] pci 0000:00:17.5: bridge 64bit mmio pref: [0xe6400000-0xe64fffff]
[    0.568031] pci 0000:00:17.6: bridge 32bit mmio: [0xfba00000-0xfbafffff]
[    0.568079] pci 0000:00:17.6: bridge 64bit mmio pref: [0xe6000000-0xe60fffff]
[    0.568482] pci 0000:00:17.7: bridge 32bit mmio: [0xfb600000-0xfb6fffff]
[    0.568519] pci 0000:00:17.7: bridge 64bit mmio pref: [0xe5c00000-0xe5cfffff]
[    0.568894] pci 0000:00:18.0: bridge io port: [0x7000-0x7fff]
[    0.568914] pci 0000:00:18.0: bridge 32bit mmio: [0xfd100000-0xfd1fffff]
[    0.568951] pci 0000:00:18.0: bridge 64bit mmio pref: [0xe7700000-0xe77fffff]
[    0.569328] pci 0000:00:18.1: bridge io port: [0xb000-0xbfff]
[    0.569349] pci 0000:00:18.1: bridge 32bit mmio: [0xfcd00000-0xfcdfffff]
[    0.569386] pci 0000:00:18.1: bridge 64bit mmio pref: [0xe7300000-0xe73fffff]
[    0.569772] pci 0000:00:18.2: bridge 32bit mmio: [0xfc900000-0xfc9fffff]
[    0.569809] pci 0000:00:18.2: bridge 64bit mmio pref: [0xe6f00000-0xe6ffffff]
[    0.570194] pci 0000:00:18.3: bridge 32bit mmio: [0xfc500000-0xfc5fffff]
[    0.570231] pci 0000:00:18.3: bridge 64bit mmio pref: [0xe6b00000-0xe6bfffff]
[    0.570640] pci 0000:00:18.4: bridge 32bit mmio: [0xfc100000-0xfc1fffff]
[    0.570677] pci 0000:00:18.4: bridge 64bit mmio pref: [0xe6700000-0xe67fffff]
[    0.571065] pci 0000:00:18.5: bridge 32bit mmio: [0xfbd00000-0xfbdfffff]
[    0.571103] pci 0000:00:18.5: bridge 64bit mmio pref: [0xe6300000-0xe63fffff]
[    0.571680] pci 0000:00:18.6: bridge 32bit mmio: [0xfb900000-0xfb9fffff]
[    0.571718] pci 0000:00:18.6: bridge 64bit mmio pref: [0xe5f00000-0xe5ffffff]
[    0.572128] pci 0000:00:18.7: bridge 32bit mmio: [0xfb500000-0xfb5fffff]
[    0.572165] pci 0000:00:18.7: bridge 64bit mmio pref: [0xe5b00000-0xe5bfffff]
[    0.574400] pci_bus 0000:00: on NUMA node 0
[    0.574414] ACPI: PCI Interrupt Routing Table [\_SB_.PCI0._PRT]
[    0.908219] ACPI: PCI Interrupt Link [LNKA] (IRQs 3 4 5 6 7 *9 10 11 14 15)
[    0.908385] ACPI: PCI Interrupt Link [LNKB] (IRQs 3 4 5 6 7 9 10 *11 14 15)
[    0.908575] ACPI: PCI Interrupt Link [LNKC] (IRQs 3 4 5 6 7 9 *10 11 14 15)
[    0.908748] ACPI: PCI Interrupt Link [LNKD] (IRQs 3 4 *5 6 7 9 10 11 14 15)
[    0.908922] vgaarb: device added: PCI:0000:00:0f.0,decodes=io+mem,owns=io+mem,locks=none
[    0.908934] vgaarb: loaded
[    0.909097] SCSI subsystem initialized
[    0.909278] libata version 3.00 loaded.
[    0.909344] usbcore: registered new interface driver usbfs
[    0.909361] usbcore: registered new interface driver hub
[    0.909382] usbcore: registered new device driver usb
[    0.909489] ACPI: WMI: Mapper loaded
[    0.909490] PCI: Using ACPI for IRQ routing
[    0.910497] NetLabel: Initializing
[    0.910500] NetLabel:  domain hash size = 128
[    0.910501] NetLabel:  protocols = UNLABELED CIPSOv4
[    0.910512] NetLabel:  unlabeled traffic allowed by default
[    0.910643] hpet0: at MMIO 0xfed00000, IRQs 2, 8, 0, 0, 0, 0, 0, 0, 0, 0, 0, 0, 0, 0, 0, 0
[    0.910650] hpet0: 16 comparators, 64-bit 14.318180 MHz counter
[    0.931116] Switching to clocksource tsc
[    0.934521] AppArmor: AppArmor Filesystem Enabled
[    0.934536] pnp: PnP ACPI init
[    0.934550] ACPI: bus type pnp registered
[    0.976582] pnp: PnP ACPI: found 15 devices
[    0.976585] ACPI: ACPI bus type pnp unregistered
[    0.976589] PnPBIOS: Disabled by ACPI PNP
[    0.976604] system 00:01: ioport range 0x1000-0x103f has been reserved
[    0.976606] system 00:01: ioport range 0x1040-0x104f has been reserved
[    0.976608] system 00:01: ioport range 0xcf0-0xcf1 has been reserved
[    0.976615] system 00:08: iomem range 0xfed00000-0xfed003ff has been reserved
[    0.976621] system 00:0d: ioport range 0xfce0-0xfcff has been reserved
[    0.976623] system 00:0d: iomem range 0xf0000000-0xf7ffffff has been reserved
[    0.976626] system 00:0d: iomem range 0xfe800000-0xfe9fffff has been reserved
[    1.013166] pci 0000:00:15.3: BAR 13: can't allocate I/O resource [0x10000-0xffff]
[    1.013171] pci 0000:00:15.4: BAR 13: can't allocate I/O resource [0x10000-0xffff]
[    1.013185] pci 0000:00:15.5: BAR 13: can't allocate I/O resource [0x10000-0xffff]
[    1.013188] pci 0000:00:15.6: BAR 13: can't allocate I/O resource [0x10000-0xffff]
[    1.013192] pci 0000:00:15.7: BAR 13: can't allocate I/O resource [0x10000-0xffff]
[    1.013195] pci 0000:00:16.3: BAR 13: can't allocate I/O resource [0x10000-0xffff]
[    1.013199] pci 0000:00:16.4: BAR 13: can't allocate I/O resource [0x10000-0xffff]
[    1.013203] pci 0000:00:16.5: BAR 13: can't allocate I/O resource [0x10000-0xffff]
[    1.013206] pci 0000:00:16.6: BAR 13: can't allocate I/O resource [0x10000-0xffff]
[    1.013210] pci 0000:00:16.7: BAR 13: can't allocate I/O resource [0x10000-0xffff]
[    1.013213] pci 0000:00:17.3: BAR 13: can't allocate I/O resource [0x10000-0xffff]
[    1.013217] pci 0000:00:17.4: BAR 13: can't allocate I/O resource [0x10000-0xffff]
[    1.013220] pci 0000:00:17.5: BAR 13: can't allocate I/O resource [0x10000-0xffff]
[    1.013224] pci 0000:00:17.6: BAR 13: can't allocate I/O resource [0x10000-0xffff]
[    1.013227] pci 0000:00:17.7: BAR 13: can't allocate I/O resource [0x10000-0xffff]
[    1.013231] pci 0000:00:18.2: BAR 13: can't allocate I/O resource [0x10000-0xffff]
[    1.013234] pci 0000:00:18.3: BAR 13: can't allocate I/O resource [0x10000-0xffff]
[    1.013238] pci 0000:00:18.4: BAR 13: can't allocate I/O resource [0x10000-0xffff]
[    1.013241] pci 0000:00:18.5: BAR 13: can't allocate I/O resource [0x10000-0xffff]
[    1.013245] pci 0000:00:18.6: BAR 13: can't allocate I/O resource [0x10000-0xffff]
[    1.013248] pci 0000:00:18.7: BAR 13: can't allocate I/O resource [0x10000-0xffff]
[    1.013254] pci 0000:00:01.0: PCI bridge, secondary bus 0000:01
[    1.013257] pci 0000:00:01.0:   IO window: disabled
[    1.013286] pci 0000:00:01.0:   MEM window: disabled
[    1.013305] pci 0000:00:01.0:   PREFETCH window: disabled
[    1.013344] pci 0000:00:11.0: PCI bridge, secondary bus 0000:02
[    1.013356] pci 0000:00:11.0:   IO window: 0x2000-0x3fff
[    1.013385] pci 0000:00:11.0:   MEM window: 0xfd500000-0xfdffffff
[    1.013405] pci 0000:00:11.0:   PREFETCH window: 0x000000e7b00000-0x000000e7ffffff
[    1.013441] pci 0000:00:15.0: PCI bridge, secondary bus 0000:03
[    1.013453] pci 0000:00:15.0:   IO window: 0x4000-0x4fff
[    1.013482] pci 0000:00:15.0:   MEM window: 0xfd400000-0xfd4fffff
[    1.013501] pci 0000:00:15.0:   PREFETCH window: 0x000000e7a00000-0x000000e7afffff
[    1.013592] pci 0000:00:15.1: PCI bridge, secondary bus 0000:04
[    1.013605] pci 0000:00:15.1:   IO window: 0x8000-0x8fff
[    1.013633] pci 0000:00:15.1:   MEM window: 0xfd000000-0xfd0fffff
[    1.013653] pci 0000:00:15.1:   PREFETCH window: 0x000000e7600000-0x000000e76fffff
[    1.013705] pci 0000:00:15.2: PCI bridge, secondary bus 0000:05
[    1.013718] pci 0000:00:15.2:   IO window: 0xc000-0xcfff
[    1.013746] pci 0000:00:15.2:   MEM window: 0xfcc00000-0xfccfffff
[    1.013766] pci 0000:00:15.2:   PREFETCH window: 0x000000e7200000-0x000000e72fffff
[    1.013817] pci 0000:00:15.3: PCI bridge, secondary bus 0000:06
[    1.013819] pci 0000:00:15.3:   IO window: disabled
[    1.013848] pci 0000:00:15.3:   MEM window: 0xfc800000-0xfc8fffff
[    1.013868] pci 0000:00:15.3:   PREFETCH window: 0x000000e6e00000-0x000000e6efffff
[    1.013919] pci 0000:00:15.4: PCI bridge, secondary bus 0000:07
[    1.013921] pci 0000:00:15.4:   IO window: disabled
[    1.013950] pci 0000:00:15.4:   MEM window: 0xfc400000-0xfc4fffff
[    1.013991] pci 0000:00:15.4:   PREFETCH window: 0x000000e6a00000-0x000000e6afffff
[    1.014048] pci 0000:00:15.5: PCI bridge, secondary bus 0000:08
[    1.014050] pci 0000:00:15.5:   IO window: disabled
[    1.014079] pci 0000:00:15.5:   MEM window: 0xfc000000-0xfc0fffff
[    1.014099] pci 0000:00:15.5:   PREFETCH window: 0x000000e6600000-0x000000e66fffff
[    1.014152] pci 0000:00:15.6: PCI bridge, secondary bus 0000:09
[    1.014158] pci 0000:00:15.6:   IO window: disabled
[    1.014187] pci 0000:00:15.6:   MEM window: 0xfbc00000-0xfbcfffff
[    1.014207] pci 0000:00:15.6:   PREFETCH window: 0x000000e6200000-0x000000e62fffff
[    1.014258] pci 0000:00:15.7: PCI bridge, secondary bus 0000:0a
[    1.014260] pci 0000:00:15.7:   IO window: disabled
[    1.014289] pci 0000:00:15.7:   MEM window: 0xfb800000-0xfb8fffff
[    1.014309] pci 0000:00:15.7:   PREFETCH window: 0x000000e5e00000-0x000000e5efffff
[    1.014360] pci 0000:00:16.0: PCI bridge, secondary bus 0000:0b
[    1.014372] pci 0000:00:16.0:   IO window: 0x5000-0x5fff
[    1.014401] pci 0000:00:16.0:   MEM window: 0xfd300000-0xfd3fffff
[    1.014421] pci 0000:00:16.0:   PREFETCH window: 0x000000e7900000-0x000000e79fffff
[    1.014471] pci 0000:00:16.1: PCI bridge, secondary bus 0000:0c
[    1.014484] pci 0000:00:16.1:   IO window: 0x9000-0x9fff
[    1.014512] pci 0000:00:16.1:   MEM window: 0xfcf00000-0xfcffffff
[    1.014532] pci 0000:00:16.1:   PREFETCH window: 0x000000e7500000-0x000000e75fffff
[    1.014583] pci 0000:00:16.2: PCI bridge, secondary bus 0000:0d
[    1.014595] pci 0000:00:16.2:   IO window: 0xd000-0xdfff
[    1.014624] pci 0000:00:16.2:   MEM window: 0xfcb00000-0xfcbfffff
[    1.014644] pci 0000:00:16.2:   PREFETCH window: 0x000000e7100000-0x000000e71fffff
[    1.014694] pci 0000:00:16.3: PCI bridge, secondary bus 0000:0e
[    1.014697] pci 0000:00:16.3:   IO window: disabled
[    1.014725] pci 0000:00:16.3:   MEM window: 0xfc700000-0xfc7fffff
[    1.014745] pci 0000:00:16.3:   PREFETCH window: 0x000000e6d00000-0x000000e6dfffff
[    1.014796] pci 0000:00:16.4: PCI bridge, secondary bus 0000:0f
[    1.014798] pci 0000:00:16.4:   IO window: disabled
[    1.014827] pci 0000:00:16.4:   MEM window: 0xfc300000-0xfc3fffff
[    1.014847] pci 0000:00:16.4:   PREFETCH window: 0x000000e6900000-0x000000e69fffff
[    1.014897] pci 0000:00:16.5: PCI bridge, secondary bus 0000:10
[    1.014900] pci 0000:00:16.5:   IO window: disabled
[    1.014929] pci 0000:00:16.5:   MEM window: 0xfbf00000-0xfbffffff
[    1.014949] pci 0000:00:16.5:   PREFETCH window: 0x000000e6500000-0x000000e65fffff
[    1.015030] pci 0000:00:16.6: PCI bridge, secondary bus 0000:11
[    1.015033] pci 0000:00:16.6:   IO window: disabled
[    1.015061] pci 0000:00:16.6:   MEM window: 0xfbb00000-0xfbbfffff
[    1.015081] pci 0000:00:16.6:   PREFETCH window: 0x000000e6100000-0x000000e61fffff
[    1.015132] pci 0000:00:16.7: PCI bridge, secondary bus 0000:12
[    1.015135] pci 0000:00:16.7:   IO window: disabled
[    1.015164] pci 0000:00:16.7:   MEM window: 0xfb700000-0xfb7fffff
[    1.015183] pci 0000:00:16.7:   PREFETCH window: 0x000000e5d00000-0x000000e5dfffff
[    1.015234] pci 0000:00:17.0: PCI bridge, secondary bus 0000:13
[    1.015247] pci 0000:00:17.0:   IO window: 0x6000-0x6fff
[    1.015275] pci 0000:00:17.0:   MEM window: 0xfd200000-0xfd2fffff
[    1.015295] pci 0000:00:17.0:   PREFETCH window: 0x000000e7800000-0x000000e78fffff
[    1.015346] pci 0000:00:17.1: PCI bridge, secondary bus 0000:14
[    1.015359] pci 0000:00:17.1:   IO window: 0xa000-0xafff
[    1.015387] pci 0000:00:17.1:   MEM window: 0xfce00000-0xfcefffff
[    1.015407] pci 0000:00:17.1:   PREFETCH window: 0x000000e7400000-0x000000e74fffff
[    1.015458] pci 0000:00:17.2: PCI bridge, secondary bus 0000:15
[    1.015470] pci 0000:00:17.2:   IO window: 0xe000-0xefff
[    1.015498] pci 0000:00:17.2:   MEM window: 0xfca00000-0xfcafffff
[    1.015518] pci 0000:00:17.2:   PREFETCH window: 0x000000e7000000-0x000000e70fffff
[    1.015569] pci 0000:00:17.3: PCI bridge, secondary bus 0000:16
[    1.015572] pci 0000:00:17.3:   IO window: disabled
[    1.015601] pci 0000:00:17.3:   MEM window: 0xfc600000-0xfc6fffff
[    1.015621] pci 0000:00:17.3:   PREFETCH window: 0x000000e6c00000-0x000000e6cfffff
[    1.015671] pci 0000:00:17.4: PCI bridge, secondary bus 0000:17
[    1.015674] pci 0000:00:17.4:   IO window: disabled
[    1.015706] pci 0000:00:17.4:   MEM window: 0xfc200000-0xfc2fffff
[    1.015726] pci 0000:00:17.4:   PREFETCH window: 0x000000e6800000-0x000000e68fffff
[    1.015777] pci 0000:00:17.5: PCI bridge, secondary bus 0000:18
[    1.015779] pci 0000:00:17.5:   IO window: disabled
[    1.015808] pci 0000:00:17.5:   MEM window: 0xfbe00000-0xfbefffff
[    1.015828] pci 0000:00:17.5:   PREFETCH window: 0x000000e6400000-0x000000e64fffff
[    1.015879] pci 0000:00:17.6: PCI bridge, secondary bus 0000:19
[    1.015881] pci 0000:00:17.6:   IO window: disabled
[    1.015910] pci 0000:00:17.6:   MEM window: 0xfba00000-0xfbafffff
[    1.015930] pci 0000:00:17.6:   PREFETCH window: 0x000000e6000000-0x000000e60fffff
[    1.016007] pci 0000:00:17.7: PCI bridge, secondary bus 0000:1a
[    1.016009] pci 0000:00:17.7:   IO window: disabled
[    1.016038] pci 0000:00:17.7:   MEM window: 0xfb600000-0xfb6fffff
[    1.016058] pci 0000:00:17.7:   PREFETCH window: 0x000000e5c00000-0x000000e5cfffff
[    1.016109] pci 0000:00:18.0: PCI bridge, secondary bus 0000:1b
[    1.016122] pci 0000:00:18.0:   IO window: 0x7000-0x7fff
[    1.016150] pci 0000:00:18.0:   MEM window: 0xfd100000-0xfd1fffff
[    1.016170] pci 0000:00:18.0:   PREFETCH window: 0x000000e7700000-0x000000e77fffff
[    1.016221] pci 0000:00:18.1: PCI bridge, secondary bus 0000:1c
[    1.016234] pci 0000:00:18.1:   IO window: 0xb000-0xbfff
[    1.016262] pci 0000:00:18.1:   MEM window: 0xfcd00000-0xfcdfffff
[    1.016282] pci 0000:00:18.1:   PREFETCH window: 0x000000e7300000-0x000000e73fffff
[    1.016333] pci 0000:00:18.2: PCI bridge, secondary bus 0000:1d
[    1.016336] pci 0000:00:18.2:   IO window: disabled
[    1.016365] pci 0000:00:18.2:   MEM window: 0xfc900000-0xfc9fffff
[    1.016385] pci 0000:00:18.2:   PREFETCH window: 0x000000e6f00000-0x000000e6ffffff
[    1.016435] pci 0000:00:18.3: PCI bridge, secondary bus 0000:1e
[    1.016438] pci 0000:00:18.3:   IO window: disabled
[    1.016467] pci 0000:00:18.3:   MEM window: 0xfc500000-0xfc5fffff
[    1.016487] pci 0000:00:18.3:   PREFETCH window: 0x000000e6b00000-0x000000e6bfffff
[    1.016537] pci 0000:00:18.4: PCI bridge, secondary bus 0000:1f
[    1.016540] pci 0000:00:18.4:   IO window: disabled
[    1.016569] pci 0000:00:18.4:   MEM window: 0xfc100000-0xfc1fffff
[    1.016589] pci 0000:00:18.4:   PREFETCH window: 0x000000e6700000-0x000000e67fffff
[    1.016640] pci 0000:00:18.5: PCI bridge, secondary bus 0000:20
[    1.016642] pci 0000:00:18.5:   IO window: disabled
[    1.016671] pci 0000:00:18.5:   MEM window: 0xfbd00000-0xfbdfffff
[    1.016691] pci 0000:00:18.5:   PREFETCH window: 0x000000e6300000-0x000000e63fffff
[    1.016741] pci 0000:00:18.6: PCI bridge, secondary bus 0000:21
[    1.016744] pci 0000:00:18.6:   IO window: disabled
[    1.016773] pci 0000:00:18.6:   MEM window: 0xfb900000-0xfb9fffff
[    1.016793] pci 0000:00:18.6:   PREFETCH window: 0x000000e5f00000-0x000000e5ffffff
[    1.016843] pci 0000:00:18.7: PCI bridge, secondary bus 0000:22
[    1.016846] pci 0000:00:18.7:   IO window: disabled
[    1.016875] pci 0000:00:18.7:   MEM window: 0xfb500000-0xfb5fffff
[    1.016895] pci 0000:00:18.7:   PREFETCH window: 0x000000e5b00000-0x000000e5bfffff
[    1.016993] pci 0000:00:01.0: setting latency timer to 64
[    1.017086] pci 0000:00:15.0: setting latency timer to 64
[    1.017149] pci 0000:00:15.1: setting latency timer to 64
[    1.017213] pci 0000:00:15.2: setting latency timer to 64
[    1.017276] pci 0000:00:15.3: setting latency timer to 64
[    1.017339] pci 0000:00:15.4: setting latency timer to 64
[    1.017403] pci 0000:00:15.5: setting latency timer to 64
[    1.017466] pci 0000:00:15.6: setting latency timer to 64
[    1.017529] pci 0000:00:15.7: setting latency timer to 64
[    1.017593] pci 0000:00:16.0: setting latency timer to 64
[    1.017656] pci 0000:00:16.1: setting latency timer to 64
[    1.017722] pci 0000:00:16.2: setting latency timer to 64
[    1.017786] pci 0000:00:16.3: setting latency timer to 64
[    1.017849] pci 0000:00:16.4: setting latency timer to 64
[    1.017912] pci 0000:00:16.5: setting latency timer to 64
[    1.017995] pci 0000:00:16.6: setting latency timer to 64
[    1.018059] pci 0000:00:16.7: setting latency timer to 64
[    1.018122] pci 0000:00:17.0: setting latency timer to 64
[    1.018185] pci 0000:00:17.1: setting latency timer to 64
[    1.018249] pci 0000:00:17.2: setting latency timer to 64
[    1.018312] pci 0000:00:17.3: setting latency timer to 64
[    1.018375] pci 0000:00:17.4: setting latency timer to 64
[    1.018439] pci 0000:00:17.5: setting latency timer to 64
[    1.018502] pci 0000:00:17.6: setting latency timer to 64
[    1.018565] pci 0000:00:17.7: setting latency timer to 64
[    1.018629] pci 0000:00:18.0: setting latency timer to 64
[    1.018692] pci 0000:00:18.1: setting latency timer to 64
[    1.018755] pci 0000:00:18.2: setting latency timer to 64
[    1.018819] pci 0000:00:18.3: setting latency timer to 64
[    1.018882] pci 0000:00:18.4: setting latency timer to 64
[    1.018975] pci 0000:00:18.5: setting latency timer to 64
[    1.019039] pci 0000:00:18.6: setting latency timer to 64
[    1.019102] pci 0000:00:18.7: setting latency timer to 64
[    1.019115] pci_bus 0000:00: resource 0 io:  [0x00-0xffff]
[    1.019118] pci_bus 0000:00: resource 1 mem: [0x000000-0xffffffff]
[    1.019121] pci_bus 0000:02: resource 0 io:  [0x2000-0x3fff]
[    1.019123] pci_bus 0000:02: resource 1 mem: [0xfd500000-0xfdffffff]
[    1.019126] pci_bus 0000:02: resource 2 pref mem [0xe7b00000-0xe7ffffff]
[    1.019129] pci_bus 0000:02: resource 3 io:  [0x00-0xffff]
[    1.019132] pci_bus 0000:02: resource 4 mem: [0x000000-0xffffffff]
[    1.019135] pci_bus 0000:03: resource 0 io:  [0x4000-0x4fff]
[    1.019137] pci_bus 0000:03: resource 1 mem: [0xfd400000-0xfd4fffff]
[    1.019140] pci_bus 0000:03: resource 2 pref mem [0xe7a00000-0xe7afffff]
[    1.019143] pci_bus 0000:04: resource 0 io:  [0x8000-0x8fff]
[    1.019146] pci_bus 0000:04: resource 1 mem: [0xfd000000-0xfd0fffff]
[    1.019148] pci_bus 0000:04: resource 2 pref mem [0xe7600000-0xe76fffff]
[    1.019151] pci_bus 0000:05: resource 0 io:  [0xc000-0xcfff]
[    1.019154] pci_bus 0000:05: resource 1 mem: [0xfcc00000-0xfccfffff]
[    1.019157] pci_bus 0000:05: resource 2 pref mem [0xe7200000-0xe72fffff]
[    1.019160] pci_bus 0000:06: resource 1 mem: [0xfc800000-0xfc8fffff]
[    1.019162] pci_bus 0000:06: resource 2 pref mem [0xe6e00000-0xe6efffff]
[    1.019165] pci_bus 0000:07: resource 1 mem: [0xfc400000-0xfc4fffff]
[    1.019168] pci_bus 0000:07: resource 2 pref mem [0xe6a00000-0xe6afffff]
[    1.019171] pci_bus 0000:08: resource 1 mem: [0xfc000000-0xfc0fffff]
[    1.019174] pci_bus 0000:08: resource 2 pref mem [0xe6600000-0xe66fffff]
[    1.019177] pci_bus 0000:09: resource 1 mem: [0xfbc00000-0xfbcfffff]
[    1.019179] pci_bus 0000:09: resource 2 pref mem [0xe6200000-0xe62fffff]
[    1.019182] pci_bus 0000:0a: resource 1 mem: [0xfb800000-0xfb8fffff]
[    1.019185] pci_bus 0000:0a: resource 2 pref mem [0xe5e00000-0xe5efffff]
[    1.019188] pci_bus 0000:0b: resource 0 io:  [0x5000-0x5fff]
[    1.019191] pci_bus 0000:0b: resource 1 mem: [0xfd300000-0xfd3fffff]
[    1.019193] pci_bus 0000:0b: resource 2 pref mem [0xe7900000-0xe79fffff]
[    1.019196] pci_bus 0000:0c: resource 0 io:  [0x9000-0x9fff]
[    1.019199] pci_bus 0000:0c: resource 1 mem: [0xfcf00000-0xfcffffff]
[    1.019202] pci_bus 0000:0c: resource 2 pref mem [0xe7500000-0xe75fffff]
[    1.019205] pci_bus 0000:0d: resource 0 io:  [0xd000-0xdfff]
[    1.019207] pci_bus 0000:0d: resource 1 mem: [0xfcb00000-0xfcbfffff]
[    1.019210] pci_bus 0000:0d: resource 2 pref mem [0xe7100000-0xe71fffff]
[    1.019213] pci_bus 0000:0e: resource 1 mem: [0xfc700000-0xfc7fffff]
[    1.019216] pci_bus 0000:0e: resource 2 pref mem [0xe6d00000-0xe6dfffff]
[    1.019221] pci_bus 0000:0f: resource 1 mem: [0xfc300000-0xfc3fffff]
[    1.019224] pci_bus 0000:0f: resource 2 pref mem [0xe6900000-0xe69fffff]
[    1.019227] pci_bus 0000:10: resource 1 mem: [0xfbf00000-0xfbffffff]
[    1.019230] pci_bus 0000:10: resource 2 pref mem [0xe6500000-0xe65fffff]
[    1.019233] pci_bus 0000:11: resource 1 mem: [0xfbb00000-0xfbbfffff]
[    1.019236] pci_bus 0000:11: resource 2 pref mem [0xe6100000-0xe61fffff]
[    1.019239] pci_bus 0000:12: resource 1 mem: [0xfb700000-0xfb7fffff]
[    1.019241] pci_bus 0000:12: resource 2 pref mem [0xe5d00000-0xe5dfffff]
[    1.019244] pci_bus 0000:13: resource 0 io:  [0x6000-0x6fff]
[    1.019247] pci_bus 0000:13: resource 1 mem: [0xfd200000-0xfd2fffff]
[    1.019250] pci_bus 0000:13: resource 2 pref mem [0xe7800000-0xe78fffff]
[    1.019253] pci_bus 0000:14: resource 0 io:  [0xa000-0xafff]
[    1.019255] pci_bus 0000:14: resource 1 mem: [0xfce00000-0xfcefffff]
[    1.019258] pci_bus 0000:14: resource 2 pref mem [0xe7400000-0xe74fffff]
[    1.019261] pci_bus 0000:15: resource 0 io:  [0xe000-0xefff]
[    1.019264] pci_bus 0000:15: resource 1 mem: [0xfca00000-0xfcafffff]
[    1.019266] pci_bus 0000:15: resource 2 pref mem [0xe7000000-0xe70fffff]
[    1.019269] pci_bus 0000:16: resource 1 mem: [0xfc600000-0xfc6fffff]
[    1.019272] pci_bus 0000:16: resource 2 pref mem [0xe6c00000-0xe6cfffff]
[    1.019275] pci_bus 0000:17: resource 1 mem: [0xfc200000-0xfc2fffff]
[    1.019278] pci_bus 0000:17: resource 2 pref mem [0xe6800000-0xe68fffff]
[    1.019281] pci_bus 0000:18: resource 1 mem: [0xfbe00000-0xfbefffff]
[    1.019283] pci_bus 0000:18: resource 2 pref mem [0xe6400000-0xe64fffff]
[    1.019286] pci_bus 0000:19: resource 1 mem: [0xfba00000-0xfbafffff]
[    1.019289] pci_bus 0000:19: resource 2 pref mem [0xe6000000-0xe60fffff]
[    1.019292] pci_bus 0000:1a: resource 1 mem: [0xfb600000-0xfb6fffff]
[    1.019295] pci_bus 0000:1a: resource 2 pref mem [0xe5c00000-0xe5cfffff]
[    1.019298] pci_bus 0000:1b: resource 0 io:  [0x7000-0x7fff]
[    1.019300] pci_bus 0000:1b: resource 1 mem: [0xfd100000-0xfd1fffff]
[    1.019303] pci_bus 0000:1b: resource 2 pref mem [0xe7700000-0xe77fffff]
[    1.019306] pci_bus 0000:1c: resource 0 io:  [0xb000-0xbfff]
[    1.019309] pci_bus 0000:1c: resource 1 mem: [0xfcd00000-0xfcdfffff]
[    1.019311] pci_bus 0000:1c: resource 2 pref mem [0xe7300000-0xe73fffff]
[    1.019314] pci_bus 0000:1d: resource 1 mem: [0xfc900000-0xfc9fffff]
[    1.019317] pci_bus 0000:1d: resource 2 pref mem [0xe6f00000-0xe6ffffff]
[    1.019320] pci_bus 0000:1e: resource 1 mem: [0xfc500000-0xfc5fffff]
[    1.019323] pci_bus 0000:1e: resource 2 pref mem [0xe6b00000-0xe6bfffff]
[    1.019326] pci_bus 0000:1f: resource 1 mem: [0xfc100000-0xfc1fffff]
[    1.019328] pci_bus 0000:1f: resource 2 pref mem [0xe6700000-0xe67fffff]
[    1.019331] pci_bus 0000:20: resource 1 mem: [0xfbd00000-0xfbdfffff]
[    1.019334] pci_bus 0000:20: resource 2 pref mem [0xe6300000-0xe63fffff]
[    1.019337] pci_bus 0000:21: resource 1 mem: [0xfb900000-0xfb9fffff]
[    1.019340] pci_bus 0000:21: resource 2 pref mem [0xe5f00000-0xe5ffffff]
[    1.019343] pci_bus 0000:22: resource 1 mem: [0xfb500000-0xfb5fffff]
[    1.019345] pci_bus 0000:22: resource 2 pref mem [0xe5b00000-0xe5bfffff]
[    1.019377] NET: Registered protocol family 2
[    1.019458] IP route cache hash table entries: 4096 (order: 2, 16384 bytes)
[    1.019640] TCP established hash table entries: 16384 (order: 5, 131072 bytes)
[    1.019741] TCP bind hash table entries: 16384 (order: 5, 131072 bytes)
[    1.019832] TCP: Hash tables configured (established 16384 bind 16384)
[    1.019835] TCP reno registered
[    1.019899] NET: Registered protocol family 1
[    1.019909] pci 0000:00:00.0: Limiting direct PCI/PCI transfers
[    1.019941] pci 0000:00:0f.0: Boot video device
[    1.020305] Simple Boot Flag at 0x36 set to 0x1
[    1.020411] cpufreq-nforce2: No nForce2 chipset.
[    1.020433] Scanning for low memory corruption every 60 seconds
[    1.020530] audit: initializing netlink socket (disabled)
[    1.020538] type=2000 audit(1420513984.860:1): initialized
[    1.029223] Trying to unpack rootfs image as initramfs...
[    1.040925] HugeTLB registered 4 MB page size, pre-allocated 0 pages
[    1.042004] VFS: Disk quotas dquot_6.5.2
[    1.042053] Dquot-cache hash table entries: 1024 (order 0, 4096 bytes)
[    1.047003] fuse init (API version 7.13)
[    1.047090] msgmni has been set to 977
[    1.050965] alg: No test for stdrng (krng)
[    1.051087] Block layer SCSI generic (bsg) driver version 0.4 loaded (major 253)
[    1.051091] io scheduler noop registered
[    1.051094] io scheduler anticipatory registered
[    1.051096] io scheduler deadline registered
[    1.051127] io scheduler cfq registered (default)
[    1.052237]   alloc irq_desc for 24 on node -1
[    1.052243]   alloc kstat_irqs on node -1
[    1.052302] pcieport 0000:00:15.0: irq 24 for MSI/MSI-X
[    1.052362] pcieport 0000:00:15.0: setting latency timer to 64
[    1.053506]   alloc irq_desc for 25 on node -1
[    1.053510]   alloc kstat_irqs on node -1
[    1.053559] pcieport 0000:00:15.1: irq 25 for MSI/MSI-X
[    1.053615] pcieport 0000:00:15.1: setting latency timer to 64
[    1.054617]   alloc irq_desc for 26 on node -1
[    1.054620]   alloc kstat_irqs on node -1
[    1.054667] pcieport 0000:00:15.2: irq 26 for MSI/MSI-X
[    1.054723] pcieport 0000:00:15.2: setting latency timer to 64
[    1.056115]   alloc irq_desc for 27 on node -1
[    1.056119]   alloc kstat_irqs on node -1
[    1.056391] pcieport 0000:00:15.3: irq 27 for MSI/MSI-X
[    1.056630] pcieport 0000:00:15.3: setting latency timer to 64
[    1.063932]   alloc irq_desc for 28 on node -1
[    1.063936]   alloc kstat_irqs on node -1
[    1.063986] pcieport 0000:00:15.4: irq 28 for MSI/MSI-X
[    1.064042] pcieport 0000:00:15.4: setting latency timer to 64
[    1.065064]   alloc irq_desc for 29 on node -1
[    1.065093]   alloc kstat_irqs on node -1
[    1.065143] pcieport 0000:00:15.5: irq 29 for MSI/MSI-X
[    1.065199] pcieport 0000:00:15.5: setting latency timer to 64
[    1.066209]   alloc irq_desc for 30 on node -1
[    1.066211]   alloc kstat_irqs on node -1
[    1.066258] pcieport 0000:00:15.6: irq 30 for MSI/MSI-X
[    1.066313] pcieport 0000:00:15.6: setting latency timer to 64
[    1.074878]   alloc irq_desc for 31 on node -1
[    1.074882]   alloc kstat_irqs on node -1
[    1.074935] pcieport 0000:00:15.7: irq 31 for MSI/MSI-X
[    1.074992] pcieport 0000:00:15.7: setting latency timer to 64
[    1.077296]   alloc irq_desc for 32 on node -1
[    1.077299]   alloc kstat_irqs on node -1
[    1.077347] pcieport 0000:00:16.0: irq 32 for MSI/MSI-X
[    1.077404] pcieport 0000:00:16.0: setting latency timer to 64
[    1.078381]   alloc irq_desc for 33 on node -1
[    1.078383]   alloc kstat_irqs on node -1
[    1.078430] pcieport 0000:00:16.1: irq 33 for MSI/MSI-X
[    1.078485] pcieport 0000:00:16.1: setting latency timer to 64
[    1.085803]   alloc irq_desc for 34 on node -1
[    1.085809]   alloc kstat_irqs on node -1
[    1.085925] pcieport 0000:00:16.2: irq 34 for MSI/MSI-X
[    1.085981] pcieport 0000:00:16.2: setting latency timer to 64
[    1.090841]   alloc irq_desc for 35 on node -1
[    1.090845]   alloc kstat_irqs on node -1
[    1.090897] pcieport 0000:00:16.3: irq 35 for MSI/MSI-X
[    1.090962] pcieport 0000:00:16.3: setting latency timer to 64
[    1.104938]   alloc irq_desc for 36 on node -1
[    1.104942]   alloc kstat_irqs on node -1
[    1.104992] pcieport 0000:00:16.4: irq 36 for MSI/MSI-X
[    1.105177] pcieport 0000:00:16.4: setting latency timer to 64
[    1.106211]   alloc irq_desc for 37 on node -1
[    1.106214]   alloc kstat_irqs on node -1
[    1.106263] pcieport 0000:00:16.5: irq 37 for MSI/MSI-X
[    1.106323] pcieport 0000:00:16.5: setting latency timer to 64
[    1.107319]   alloc irq_desc for 38 on node -1
[    1.107322]   alloc kstat_irqs on node -1
[    1.107370] pcieport 0000:00:16.6: irq 38 for MSI/MSI-X
[    1.107425] pcieport 0000:00:16.6: setting latency timer to 64
[    1.108424]   alloc irq_desc for 39 on node -1
[    1.108426]   alloc kstat_irqs on node -1
[    1.108475] pcieport 0000:00:16.7: irq 39 for MSI/MSI-X
[    1.108530] pcieport 0000:00:16.7: setting latency timer to 64
[    1.109508]   alloc irq_desc for 40 on node -1
[    1.109510]   alloc kstat_irqs on node -1
[    1.109558] pcieport 0000:00:17.0: irq 40 for MSI/MSI-X
[    1.109613] pcieport 0000:00:17.0: setting latency timer to 64
[    1.110619]   alloc irq_desc for 41 on node -1
[    1.110621]   alloc kstat_irqs on node -1
[    1.110668] pcieport 0000:00:17.1: irq 41 for MSI/MSI-X
[    1.110742] pcieport 0000:00:17.1: setting latency timer to 64
[    1.119753]   alloc irq_desc for 42 on node -1
[    1.119757]   alloc kstat_irqs on node -1
[    1.119966] pcieport 0000:00:17.2: irq 42 for MSI/MSI-X
[    1.120233] pcieport 0000:00:17.2: setting latency timer to 64
[    1.126863]   alloc irq_desc for 43 on node -1
[    1.126867]   alloc kstat_irqs on node -1
[    1.126920] pcieport 0000:00:17.3: irq 43 for MSI/MSI-X
[    1.126978] pcieport 0000:00:17.3: setting latency timer to 64
[    1.127982]   alloc irq_desc for 44 on node -1
[    1.127985]   alloc kstat_irqs on node -1
[    1.128033] pcieport 0000:00:17.4: irq 44 for MSI/MSI-X
[    1.128088] pcieport 0000:00:17.4: setting latency timer to 64
[    1.129268]   alloc irq_desc for 45 on node -1
[    1.129271]   alloc kstat_irqs on node -1
[    1.129320] pcieport 0000:00:17.5: irq 45 for MSI/MSI-X
[    1.129375] pcieport 0000:00:17.5: setting latency timer to 64
[    1.135311]   alloc irq_desc for 46 on node -1
[    1.135315]   alloc kstat_irqs on node -1
[    1.135365] pcieport 0000:00:17.6: irq 46 for MSI/MSI-X
[    1.135421] pcieport 0000:00:17.6: setting latency timer to 64
[    1.136762]   alloc irq_desc for 47 on node -1
[    1.136766]   alloc kstat_irqs on node -1
[    1.136816] pcieport 0000:00:17.7: irq 47 for MSI/MSI-X
[    1.136872] pcieport 0000:00:17.7: setting latency timer to 64
[    1.137877]   alloc irq_desc for 48 on node -1
[    1.137879]   alloc kstat_irqs on node -1
[    1.137927] pcieport 0000:00:18.0: irq 48 for MSI/MSI-X
[    1.137983] pcieport 0000:00:18.0: setting latency timer to 64
[    1.143838]   alloc irq_desc for 49 on node -1
[    1.143842]   alloc kstat_irqs on node -1
[    1.143896] pcieport 0000:00:18.1: irq 49 for MSI/MSI-X
[    1.143955] pcieport 0000:00:18.1: setting latency timer to 64
[    1.144979]   alloc irq_desc for 50 on node -1
[    1.144982]   alloc kstat_irqs on node -1
[    1.145029] pcieport 0000:00:18.2: irq 50 for MSI/MSI-X
[    1.145084] pcieport 0000:00:18.2: setting latency timer to 64
[    1.146068]   alloc irq_desc for 51 on node -1
[    1.146071]   alloc kstat_irqs on node -1
[    1.146132] pcieport 0000:00:18.3: irq 51 for MSI/MSI-X
[    1.146188] pcieport 0000:00:18.3: setting latency timer to 64
[    1.151400]   alloc irq_desc for 52 on node -1
[    1.151404]   alloc kstat_irqs on node -1
[    1.151455] pcieport 0000:00:18.4: irq 52 for MSI/MSI-X
[    1.151512] pcieport 0000:00:18.4: setting latency timer to 64
[    1.152530]   alloc irq_desc for 53 on node -1
[    1.152532]   alloc kstat_irqs on node -1
[    1.152580] pcieport 0000:00:18.5: irq 53 for MSI/MSI-X
[    1.152635] pcieport 0000:00:18.5: setting latency timer to 64
[    1.153605]   alloc irq_desc for 54 on node -1
[    1.153608]   alloc kstat_irqs on node -1
[    1.153655] pcieport 0000:00:18.6: irq 54 for MSI/MSI-X
[    1.153710] pcieport 0000:00:18.6: setting latency timer to 64
[    1.161075]   alloc irq_desc for 55 on node -1
[    1.161157]   alloc kstat_irqs on node -1
[    1.161344] pcieport 0000:00:18.7: irq 55 for MSI/MSI-X
[    1.161649] pcieport 0000:00:18.7: setting latency timer to 64
[    1.162146] pci_hotplug: PCI Hot Plug PCI Core version: 0.5
[    1.174590] pciehp 0000:00:15.0:pcie04: HPC vendor_id 15ad device_id 7a0 ss_vid 0 ss_did 0
[    1.174932] pciehp 0000:00:15.0:pcie04: service driver pciehp loaded
[    1.175072] pciehp 0000:00:15.1:pcie04: HPC vendor_id 15ad device_id 7a0 ss_vid 0 ss_did 0
[    1.175278] pciehp 0000:00:15.1:pcie04: service driver pciehp loaded
[    1.175399] pciehp 0000:00:15.2:pcie04: HPC vendor_id 15ad device_id 7a0 ss_vid 0 ss_did 0
[    1.175603] pciehp 0000:00:15.2:pcie04: service driver pciehp loaded
[    1.175724] pciehp 0000:00:15.3:pcie04: HPC vendor_id 15ad device_id 7a0 ss_vid 0 ss_did 0
[    1.198811] pciehp 0000:00:15.3:pcie04: service driver pciehp loaded
[    1.198956] pciehp 0000:00:15.4:pcie04: HPC vendor_id 15ad device_id 7a0 ss_vid 0 ss_did 0
[    1.199175] pciehp 0000:00:15.4:pcie04: service driver pciehp loaded
[    1.199319] pciehp 0000:00:15.5:pcie04: HPC vendor_id 15ad device_id 7a0 ss_vid 0 ss_did 0
[    1.199523] pciehp 0000:00:15.5:pcie04: service driver pciehp loaded
[    1.199672] pciehp 0000:00:15.6:pcie04: HPC vendor_id 15ad device_id 7a0 ss_vid 0 ss_did 0
[    1.199929] pciehp 0000:00:15.6:pcie04: service driver pciehp loaded
[    1.200051] pciehp 0000:00:15.7:pcie04: HPC vendor_id 15ad device_id 7a0 ss_vid 0 ss_did 0
[    1.200254] pciehp 0000:00:15.7:pcie04: service driver pciehp loaded
[    1.200374] pciehp 0000:00:16.0:pcie04: HPC vendor_id 15ad device_id 7a0 ss_vid 0 ss_did 0
[    1.200599] pciehp 0000:00:16.0:pcie04: service driver pciehp loaded
[    1.200775] pciehp 0000:00:16.1:pcie04: HPC vendor_id 15ad device_id 7a0 ss_vid 0 ss_did 0
[    1.200978] pciehp 0000:00:16.1:pcie04: service driver pciehp loaded
[    1.201099] pciehp 0000:00:16.2:pcie04: HPC vendor_id 15ad device_id 7a0 ss_vid 0 ss_did 0
[    1.201301] pciehp 0000:00:16.2:pcie04: service driver pciehp loaded
[    1.201422] pciehp 0000:00:16.3:pcie04: HPC vendor_id 15ad device_id 7a0 ss_vid 0 ss_did 0
[    1.201639] pciehp 0000:00:16.3:pcie04: service driver pciehp loaded
[    1.201760] pciehp 0000:00:16.4:pcie04: HPC vendor_id 15ad device_id 7a0 ss_vid 0 ss_did 0
[    1.201981] pciehp 0000:00:16.4:pcie04: service driver pciehp loaded
[    1.202102] pciehp 0000:00:16.5:pcie04: HPC vendor_id 15ad device_id 7a0 ss_vid 0 ss_did 0
[    1.202304] pciehp 0000:00:16.5:pcie04: service driver pciehp loaded
[    1.202425] pciehp 0000:00:16.6:pcie04: HPC vendor_id 15ad device_id 7a0 ss_vid 0 ss_did 0
[    1.206805] pciehp 0000:00:16.6:pcie04: service driver pciehp loaded
[    1.206946] pciehp 0000:00:16.7:pcie04: HPC vendor_id 15ad device_id 7a0 ss_vid 0 ss_did 0
[    1.207183] pciehp 0000:00:16.7:pcie04: service driver pciehp loaded
[    1.207305] pciehp 0000:00:17.0:pcie04: HPC vendor_id 15ad device_id 7a0 ss_vid 0 ss_did 0
[    1.207556] pciehp 0000:00:17.0:pcie04: service driver pciehp loaded
[    1.207678] pciehp 0000:00:17.1:pcie04: HPC vendor_id 15ad device_id 7a0 ss_vid 0 ss_did 0
[    1.207883] pciehp 0000:00:17.1:pcie04: service driver pciehp loaded
[    1.208005] pciehp 0000:00:17.2:pcie04: HPC vendor_id 15ad device_id 7a0 ss_vid 0 ss_did 0
[    1.208208] pciehp 0000:00:17.2:pcie04: service driver pciehp loaded
[    1.208329] pciehp 0000:00:17.3:pcie04: HPC vendor_id 15ad device_id 7a0 ss_vid 0 ss_did 0
[    1.208563] pciehp 0000:00:17.3:pcie04: service driver pciehp loaded
[    1.208684] pciehp 0000:00:17.4:pcie04: HPC vendor_id 15ad device_id 7a0 ss_vid 0 ss_did 0
[    1.208952] pciehp 0000:00:17.4:pcie04: service driver pciehp loaded
[    1.209074] pciehp 0000:00:17.5:pcie04: HPC vendor_id 15ad device_id 7a0 ss_vid 0 ss_did 0
[    1.209277] pciehp 0000:00:17.5:pcie04: service driver pciehp loaded
[    1.209516] pciehp 0000:00:17.6:pcie04: HPC vendor_id 15ad device_id 7a0 ss_vid 0 ss_did 0
[    1.210142] pciehp 0000:00:17.6:pcie04: service driver pciehp loaded
[    1.210624] pciehp 0000:00:17.7:pcie04: HPC vendor_id 15ad device_id 7a0 ss_vid 0 ss_did 0
[    1.214775] pciehp 0000:00:17.7:pcie04: service driver pciehp loaded
[    1.214914] pciehp 0000:00:18.0:pcie04: HPC vendor_id 15ad device_id 7a0 ss_vid 0 ss_did 0
[    1.215120] pciehp 0000:00:18.0:pcie04: service driver pciehp loaded
[    1.215242] pciehp 0000:00:18.1:pcie04: HPC vendor_id 15ad device_id 7a0 ss_vid 0 ss_did 0
[    1.215447] pciehp 0000:00:18.1:pcie04: service driver pciehp loaded
[    1.215569] pciehp 0000:00:18.2:pcie04: HPC vendor_id 15ad device_id 7a0 ss_vid 0 ss_did 0
[    1.215796] pciehp 0000:00:18.2:pcie04: service driver pciehp loaded
[    1.215918] pciehp 0000:00:18.3:pcie04: HPC vendor_id 15ad device_id 7a0 ss_vid 0 ss_did 0
[    1.216122] pciehp 0000:00:18.3:pcie04: service driver pciehp loaded
[    1.216243] pciehp 0000:00:18.4:pcie04: HPC vendor_id 15ad device_id 7a0 ss_vid 0 ss_did 0
[    1.216497] pciehp 0000:00:18.4:pcie04: service driver pciehp loaded
[    1.216618] pciehp 0000:00:18.5:pcie04: HPC vendor_id 15ad device_id 7a0 ss_vid 0 ss_did 0
[    1.216844] pciehp 0000:00:18.5:pcie04: service driver pciehp loaded
[    1.216967] pciehp 0000:00:18.6:pcie04: HPC vendor_id 15ad device_id 7a0 ss_vid 0 ss_did 0
[    1.217191] pciehp 0000:00:18.6:pcie04: service driver pciehp loaded
[    1.217314] pciehp 0000:00:18.7:pcie04: HPC vendor_id 15ad device_id 7a0 ss_vid 0 ss_did 0
[    1.217517] pciehp 0000:00:18.7:pcie04: service driver pciehp loaded
[    1.217531] pciehp: PCI Express Hot Plug Controller Driver version: 0.4
[    1.217873] ACPI: AC Adapter [ACAD] (on-line)
[    1.222961] input: Power Button as /devices/LNXSYSTM:00/LNXPWRBN:00/input/input0
[    1.222967] ACPI: Power Button [PWRF]
[    1.225400] processor LNXCPU:00: registered as cooling_device0
[    1.478041] Serial: 8250/16550 driver, 4 ports, IRQ sharing enabled
[    1.478085] serial8250: ttyS0 at I/O 0x3f8 (irq = 4) is a 16550A
[    1.478129] serial8250: ttyS1 at I/O 0x2f8 (irq = 3) is a 16550A
[    1.478173] 00:0a: ttyS0 at I/O 0x3f8 (irq = 4) is a 16550A
[    1.478218] 00:0b: ttyS1 at I/O 0x2f8 (irq = 3) is a 16550A
[    1.478262] brd: module loaded
[    1.478306] loop: module loaded
[    1.478350] input: Macintosh mouse button emulation as /devices/virtual/input/input1
[    1.478394] ata_piix 0000:00:07.1: version 2.13
[    1.478545] isapnp: Scanning for PnP cards...
[    1.484815] scsi0 : ata_piix
[    1.489702] scsi1 : ata_piix
[    1.489747] ata1: PATA max UDMA/33 cmd 0x1f0 ctl 0x3f6 bmdma 0x1060 irq 14
[    1.489750] ata2: PATA max UDMA/33 cmd 0x170 ctl 0x376 bmdma 0x1068 irq 15
[    1.489804] Fixed MDIO Bus: probed
[    1.489833] PPP generic driver version 2.4.2
[    1.489877] tun: Universal TUN/TAP device driver, 1.6
[    1.489880] tun: (C) 1999-2004 Max Krasnyansky <maxk@qualcomm.com>
[    1.489924] ehci_hcd: USB 2.0 'Enhanced' Host Controller (EHCI) Driver
[    1.489962]   alloc irq_desc for 17 on node -1
[    1.489965]   alloc kstat_irqs on node -1
[    1.489978] ehci_hcd 0000:02:03.0: PCI INT A -> GSI 17 (level, low) -> IRQ 17
[    1.490022] ehci_hcd 0000:02:03.0: EHCI Host Controller
[    1.490066] ehci_hcd 0000:02:03.0: new USB bus registered, assigned bus number 1
[    1.490110] ehci_hcd 0000:02:03.0: cache line size of 32 is not supported
[    1.490141] ehci_hcd 0000:02:03.0: irq 17, io mem 0xfd5ff000
[    1.544147] ehci_hcd 0000:02:03.0: USB 2.0 started, EHCI 1.00
[    1.544191] usb usb1: configuration #1 chosen from 1 choice
[    1.544213] hub 1-0:1.0: USB hub found
[    1.544257] hub 1-0:1.0: 6 ports detected
[    1.544301] ohci_hcd: USB 1.1 'Open' Host Controller (OHCI) Driver
[    1.544320] uhci_hcd: USB Universal Host Controller Interface driver
[    1.544364]   alloc irq_desc for 18 on node -1
[    1.544368]   alloc kstat_irqs on node -1
[    1.544382] uhci_hcd 0000:02:00.0: PCI INT A -> GSI 18 (level, low) -> IRQ 18
[    1.544417] uhci_hcd 0000:02:00.0: UHCI Host Controller
[    1.544462] uhci_hcd 0000:02:00.0: new USB bus registered, assigned bus number 2
[    1.544555] uhci_hcd 0000:02:00.0: irq 18, io base 0x000020c0
[    1.544599] usb usb2: configuration #1 chosen from 1 choice
[    1.544618] hub 2-0:1.0: USB hub found
[    1.544640] hub 2-0:1.0: 2 ports detected
[    1.544684] PNP: PS/2 Controller [PNP0303:KBC,PNP0f13:MOUS] at 0x60,0x64 irq 1,12
[    1.545001] serio: i8042 KBD port at 0x60,0x64 irq 1
[    1.545011] serio: i8042 AUX port at 0x60,0x64 irq 12
[    1.545055] mice: PS/2 mouse device common for all mice
[    1.545100] rtc_cmos 00:04: rtc core: registered rtc_cmos as rtc0
[    1.545197] rtc0: alarms up to one month, y3k, 114 bytes nvram, hpet irqs
[    1.545241] device-mapper: uevent: version 1.0.3
[    1.546121] input: AT Translated Set 2 keyboard as /devices/platform/i8042/serio0/input/input2
[    1.549622] device-mapper: ioctl: 4.15.0-ioctl (2009-04-01) initialised: dm-devel@redhat.com
[    1.549749] device-mapper: multipath: version 1.1.0 loaded
[    1.549755] device-mapper: multipath round-robin: version 1.0.0 loaded
[    1.553717] EISA: Probing bus 0 at eisa.0
[    1.553761] Cannot allocate resource for EISA slot 1
[    1.553779] Cannot allocate resource for EISA slot 2
[    1.553793] Cannot allocate resource for EISA slot 3
[    1.553795] Cannot allocate resource for EISA slot 4
[    1.553798] Cannot allocate resource for EISA slot 5
[    1.553801] Cannot allocate resource for EISA slot 6
[    1.553803] Cannot allocate resource for EISA slot 7
[    1.553806] Cannot allocate resource for EISA slot 8
[    1.553808] EISA: Detected 0 cards.
[    1.554110] cpuidle: using governor ladder
[    1.554114] cpuidle: using governor menu
[    1.554158] TCP cubic registered
[    1.554202] NET: Registered protocol family 10
[    1.554246] lo: Disabled Privacy Extensions
[    1.554291] NET: Registered protocol family 17
[    1.554335] Using IPI No-Shortcut mode
[    1.554379] PM: Resume from disk failed.
[    1.554389] registered taskstats version 1
[    1.565584]   Magic number: 15:899:208
[    1.565628] vc vcsa: hash matches
[    1.585580] rtc_cmos 00:04: setting system clock to 2015-01-06 03:13:06 UTC (1420513986)
[    1.585586] BIOS EDD facility v0.16 2004-Jun-25, 0 devices found
[    1.585588] EDD information not available.
[    1.788962] Freeing initrd memory: 7808k freed
[    1.967661] usb 2-1: new full speed USB device using uhci_hcd and address 2
[    2.012429] isapnp: No Plug & Play device found
[    2.012538] Freeing unused kernel memory: 656k freed
[    2.012598] Write protecting the kernel text: 4676k
[    2.012658] Write protecting the kernel read-only data: 1840k
[    2.025979] udev: starting version 151
[    2.082346] VMware vmxnet3 virtual NIC driver - version 1.0.5.0-k-NAPI
[    2.088803] VMware PVSCSI driver - version 1.0.1.0-k
[    2.097863] VMware vmxnet virtual NIC driver
[    2.097924]   alloc irq_desc for 19 on node -1
[    2.097927]   alloc kstat_irqs on node -1
[    2.097952] vmxnet 0000:02:01.0: PCI INT A -> GSI 19 (level, low) -> IRQ 19
[    2.199930] Found vmxnet/PCI at 0x2024, irq 19.
[    2.221453] usb 2-1: configuration #1 chosen from 1 choice
[    2.307860] Fusion MPT base driver 3.04.12
[    2.307863] Copyright (c) 1999-2008 LSI Corporation
[    2.343428] usb 2-2: new full speed USB device using uhci_hcd and address 3
[    2.359481] Fusion MPT SPI Host driver 3.04.12
[    2.359541] mptspi 0000:00:10.0: PCI INT A -> GSI 17 (level, low) -> IRQ 17
[    2.363861] Floppy drive(s): fd0 is 1.44M
[    2.367375] mptbase: ioc0: Initiating bringup
[    2.372971] usbcore: registered new interface driver hiddev
[    2.373260] features:
[    2.373277] numRxBuffers = 100, numRxBuffers2 = 1
[    2.373521] ahci 0000:02:05.0: version 3.0
[    2.373582] ahci 0000:02:05.0: PCI INT A -> GSI 19 (level, low) -> IRQ 19
[    2.373642]   alloc irq_desc for 56 on node -1
[    2.373645]   alloc kstat_irqs on node -1
[    2.373701] ahci 0000:02:05.0: irq 56 for MSI/MSI-X
[    2.375553] ahci 0000:02:05.0: AHCI 0001.0300 32 slots 30 ports 6 Gbps 0x3fffffff impl SATA mode
[    2.375559] ahci 0000:02:05.0: flags: 64bit ncq clo only 
[    2.375745] input: VMware VMware Virtual USB Mouse as /devices/pci0000:00/0000:00:11.0/0000:02:00.0/usb2/2-1/2-1:1.0/input/input3
[    2.375889] generic-usb 0003:0E0F:0003.0001: input,hidraw0: USB HID v1.10 Mouse [VMware VMware Virtual USB Mouse] on usb-0000:02:00.0-1/input0
[    2.375912] usbcore: registered new interface driver usbhid
[    2.375915] usbhid: v2.6:USB HID core driver
[    2.379632] FDC 0 is a post-1991 82077
[    2.395441] scsi2 : ahci
[    2.395650] scsi3 : ahci
[    2.395743] scsi4 : ahci
[    2.395833] scsi5 : ahci
[    2.395930] scsi6 : ahci
[    2.396036] scsi7 : ahci
[    2.396156] scsi8 : ahci
[    2.396258] scsi9 : ahci
[    2.396409] scsi10 : ahci
[    2.396507] scsi11 : ahci
[    2.396617] scsi12 : ahci
[    2.396721] scsi13 : ahci
[    2.396821] scsi14 : ahci
[    2.396929] scsi15 : ahci
[    2.397027] scsi16 : ahci
[    2.397132] scsi17 : ahci
[    2.397241] scsi18 : ahci
[    2.397366] scsi19 : ahci
[    2.397489] scsi20 : ahci
[    2.397628] scsi21 : ahci
[    2.397723] scsi22 : ahci
[    2.397885] scsi23 : ahci
[    2.397987] scsi24 : ahci
[    2.398089] scsi25 : ahci
[    2.398185] scsi26 : ahci
[    2.398306] scsi27 : ahci
[    2.398414] scsi28 : ahci
[    2.398511] scsi29 : ahci
[    2.398610] scsi30 : ahci
[    2.398729] scsi31 : ahci
[    2.398789] ata3: SATA max UDMA/133 abar m4096@0xfd5fe000 port 0xfd5fe100 irq 56
[    2.398794] ata4: SATA max UDMA/133 abar m4096@0xfd5fe000 port 0xfd5fe180 irq 56
[    2.398797] ata5: SATA max UDMA/133 abar m4096@0xfd5fe000 port 0xfd5fe200 irq 56
[    2.398800] ata6: SATA max UDMA/133 abar m4096@0xfd5fe000 port 0xfd5fe280 irq 56
[    2.398803] ata7: SATA max UDMA/133 abar m4096@0xfd5fe000 port 0xfd5fe300 irq 56
[    2.398806] ata8: SATA max UDMA/133 abar m4096@0xfd5fe000 port 0xfd5fe380 irq 56
[    2.398809] ata9: SATA max UDMA/133 abar m4096@0xfd5fe000 port 0xfd5fe400 irq 56
[    2.398812] ata10: SATA max UDMA/133 abar m4096@0xfd5fe000 port 0xfd5fe480 irq 56
[    2.398815] ata11: SATA max UDMA/133 abar m4096@0xfd5fe000 port 0xfd5fe500 irq 56
[    2.398817] ata12: SATA max UDMA/133 abar m4096@0xfd5fe000 port 0xfd5fe580 irq 56
[    2.398820] ata13: SATA max UDMA/133 abar m4096@0xfd5fe000 port 0xfd5fe600 irq 56
[    2.398823] ata14: SATA max UDMA/133 abar m4096@0xfd5fe000 port 0xfd5fe680 irq 56
[    2.398826] ata15: SATA max UDMA/133 abar m4096@0xfd5fe000 port 0xfd5fe700 irq 56
[    2.398829] ata16: SATA max UDMA/133 abar m4096@0xfd5fe000 port 0xfd5fe780 irq 56
[    2.398832] ata17: SATA max UDMA/133 abar m4096@0xfd5fe000 port 0xfd5fe800 irq 56
[    2.398835] ata18: SATA max UDMA/133 abar m4096@0xfd5fe000 port 0xfd5fe880 irq 56
[    2.398838] ata19: SATA max UDMA/133 abar m4096@0xfd5fe000 port 0xfd5fe900 irq 56
[    2.398841] ata20: SATA max UDMA/133 abar m4096@0xfd5fe000 port 0xfd5fe980 irq 56
[    2.398844] ata21: SATA max UDMA/133 abar m4096@0xfd5fe000 port 0xfd5fea00 irq 56
[    2.398847] ata22: SATA max UDMA/133 abar m4096@0xfd5fe000 port 0xfd5fea80 irq 56
[    2.398849] ata23: SATA max UDMA/133 abar m4096@0xfd5fe000 port 0xfd5feb00 irq 56
[    2.398852] ata24: SATA max UDMA/133 abar m4096@0xfd5fe000 port 0xfd5feb80 irq 56
[    2.398855] ata25: SATA max UDMA/133 abar m4096@0xfd5fe000 port 0xfd5fec00 irq 56
[    2.398858] ata26: SATA max UDMA/133 abar m4096@0xfd5fe000 port 0xfd5fec80 irq 56
[    2.398861] ata27: SATA max UDMA/133 abar m4096@0xfd5fe000 port 0xfd5fed00 irq 56
[    2.398864] ata28: SATA max UDMA/133 abar m4096@0xfd5fe000 port 0xfd5fed80 irq 56
[    2.398869] ata29: SATA max UDMA/133 abar m4096@0xfd5fe000 port 0xfd5fee00 irq 56
[    2.398872] ata30: SATA max UDMA/133 abar m4096@0xfd5fe000 port 0xfd5fee80 irq 56
[    2.398875] ata31: SATA max UDMA/133 abar m4096@0xfd5fe000 port 0xfd5fef00 irq 56
[    2.398878] ata32: SATA max UDMA/133 abar m4096@0xfd5fe000 port 0xfd5fef80 irq 56
[    2.439335] ioc0: LSI53C1030 B0: Capabilities={Initiator}
[    2.472259] usb 2-2: configuration #1 chosen from 1 choice
[    2.475438] hub 2-2:1.0: USB hub found
[    2.475815] hub 2-2:1.0: 7 ports detected
[    2.598839] scsi32 : ioc0: LSI53C1030 B0, FwRev=01032920h, Ports=1, MaxQ=128, IRQ=17
[    2.710899] scsi 32:0:0:0: Direct-Access     VMware,  VMware Virtual S 1.0  PQ: 0 ANSI: 2
[    2.710917] scsi target32:0:0: Beginning Domain Validation
[    2.711036] scsi target32:0:0: Domain Validation skipping write tests
[    2.711043] scsi target32:0:0: Ending Domain Validation
[    2.711075] scsi target32:0:0: FAST-40 WIDE SCSI 80.0 MB/s ST (25 ns, offset 127)
[    2.711731] sd 32:0:0:0: Attached scsi generic sg0 type 0
[    2.711934] sd 32:0:0:0: [sda] 41943040 512-byte logical blocks: (21.4 GB/20.0 GiB)
[    2.711967] sd 32:0:0:0: [sda] Write Protect is off
[    2.711970] sd 32:0:0:0: [sda] Mode Sense: 61 00 00 00
[    2.712060] sd 32:0:0:0: [sda] Cache data unavailable
[    2.712062] sd 32:0:0:0: [sda] Assuming drive cache: write through
[    2.712182] sd 32:0:0:0: [sda] Cache data unavailable
[    2.712185] sd 32:0:0:0: [sda] Assuming drive cache: write through
[    2.712188]  sda:
[    2.718573] ata15: SATA link down (SStatus 0 SControl 300)
[    2.718872] ata7: SATA link down (SStatus 0 SControl 300)
[    2.719036] ata4: SATA link up 6.0 Gbps (SStatus 133 SControl 300)
[    2.719139] ata4.00: ATAPI: VMware Virtual SATA CDRW Drive, 00000001, max UDMA/33
[    2.719258] ata4.00: configured for UDMA/33
[    2.719397] ata19: SATA link down (SStatus 0 SControl 300)
[    2.719417] ata26: SATA link down (SStatus 0 SControl 300)
[    2.719435] ata25: SATA link down (SStatus 0 SControl 300)
[    2.719453] ata20: SATA link down (SStatus 0 SControl 300)
[    2.719471] ata18: SATA link down (SStatus 0 SControl 300)
[    2.719489] ata16: SATA link down (SStatus 0 SControl 300)
[    2.719507] ata8: SATA link down (SStatus 0 SControl 300)
[    2.719525] ata10: SATA link down (SStatus 0 SControl 300)
[    2.719543] ata5: SATA link down (SStatus 0 SControl 300)
[    2.719561] ata21: SATA link down (SStatus 0 SControl 300)
[    2.719579] ata14: SATA link down (SStatus 0 SControl 300)
[    2.719597] ata23: SATA link down (SStatus 0 SControl 300)
[    2.719615] ata3: SATA link down (SStatus 0 SControl 300)
[    2.719632] ata13: SATA link down (SStatus 0 SControl 300)
[    2.719650] ata6: SATA link down (SStatus 0 SControl 300)
[    2.719668] ata17: SATA link down (SStatus 0 SControl 300)
[    2.719685] ata9: SATA link down (SStatus 0 SControl 300)
[    2.719703] ata11: SATA link down (SStatus 0 SControl 300)
[    2.719721] ata24: SATA link down (SStatus 0 SControl 300)
[    2.719739] ata22: SATA link down (SStatus 0 SControl 300)
[    2.719756] ata12: SATA link down (SStatus 0 SControl 300)
[    2.719993] scsi 3:0:0:0: CD-ROM            NECVMWar VMware SATA CD01 1.00 PQ: 0 ANSI: 5
[    2.720845] sr0: scsi3-mmc drive: 1x/1x writer dvd-ram cd/rw xa/form2 cdda tray
[    2.720857] Uniform CD-ROM driver Revision: 3.20
[    2.721057] sr 3:0:0:0: Attached scsi CD-ROM sr0
[    2.721149] sr 3:0:0:0: Attached scsi generic sg1 type 5
[    2.721954]  sda1 sda2 <
[    2.722378] ata29: SATA link down (SStatus 0 SControl 300)
[    2.722401] ata31: SATA link down (SStatus 0 SControl 300)
[    2.722420] ata30: SATA link down (SStatus 0 SControl 300)
[    2.722438] ata28: SATA link down (SStatus 0 SControl 300)
[    2.722456] ata32: SATA link down (SStatus 0 SControl 300)
[    2.722476] ata27: SATA link down (SStatus 0 SControl 300)
[    2.730488]  sda5 >
[    2.731010] sd 32:0:0:0: [sda] Cache data unavailable
[    2.731014] sd 32:0:0:0: [sda] Assuming drive cache: write through
[    2.731017] sd 32:0:0:0: [sda] Attached SCSI disk
[    2.802198] EXT4-fs (sda1): INFO: recovery required on readonly filesystem
[    2.802207] EXT4-fs (sda1): write access will be enabled during recovery
[    3.047890] EXT4-fs (sda1): orphan cleanup on readonly fs
[    3.047907] EXT4-fs (sda1): ext4_orphan_cleanup: deleting unreferenced inode 141293
[    3.048034] EXT4-fs (sda1): ext4_orphan_cleanup: deleting unreferenced inode 141295
[    3.048152] EXT4-fs (sda1): ext4_orphan_cleanup: deleting unreferenced inode 141294
[    3.048164] EXT4-fs (sda1): 3 orphan inodes deleted
[    3.048167] EXT4-fs (sda1): recovery complete
[    3.050071] EXT4-fs (sda1): mounted filesystem with ordered data mode
[    9.302748] udev: starting version 151
[    9.550268] lp: driver loaded but no devices found
[    9.709027] Adding 916472k swap on /dev/sda5.  Priority:-1 extents:1 across:916472k 
[    9.904584] piix4_smbus 0000:00:07.3: Host SMBus controller not enabled!
[    9.944102] vga16fb: initializing
[    9.944109] vga16fb: mapped to 0xc00a0000
[    9.944170] fb0: VGA16 VGA frame buffer device
[    9.950411] [416]: VMCI: shared components initialized.
[    9.950584] Probing for vmci/PCI.
[    9.950644]   alloc irq_desc for 16 on node -1
[    9.950647]   alloc kstat_irqs on node -1
[    9.950664] vmci 0000:00:07.7: PCI INT A -> GSI 16 (level, low) -> IRQ 16
[    9.950719] Found vmci/PCI at 0x1080, irq 16.
[    9.950762] VMCI: using capabilities 0xc.
[    9.950833] [416]: VMCI: Host capability check passed.
[    9.951030]   alloc irq_desc for 57 on node -1
[    9.951033]   alloc kstat_irqs on node -1
[    9.951118] vmci 0000:00:07.7: irq 57 for MSI/MSI-X
[    9.951121]   alloc irq_desc for 58 on node -1
[    9.951123]   alloc kstat_irqs on node -1
[    9.951176] vmci 0000:00:07.7: irq 58 for MSI/MSI-X
[    9.951546] Registered vmci device.
[    9.951771] [416]: VMCI: Using guest personality
[    9.951775] [416]: VMCI: host components initialized.
[    9.951856] [416]: VMCI: Module registered (name=vmci, major=10, minor=55).
[    9.951859] [416]: VMCI: Using host personality
[    9.951861] [416]: VMCI: Module (name=vmci) is initialized
[    9.954115] shpchp: Standard Hot Plug PCI Controller Driver version: 0.4
[    9.956182] Linux agpgart interface v0.103
[   10.803399] agpgart-intel 0000:00:00.0: Intel 440BX Chipset
[   10.949063] agpgart-intel 0000:00:00.0: AGP aperture is 256M @ 0x0
[   11.504164] udev: renamed network interface eth0 to eth4
[   11.946452] parport_pc 00:09: reported by Plug and Play ACPI
[   11.946666] parport0: PC-style at 0x378, irq 7 [PCSPP,TRISTATE]
[   12.039640] lp0: using parport0 (interrupt-driven).
[   12.048569] type=1505 audit(1420513996.987:2):  operation="profile_load" pid=551 name="/sbin/dhclient3"
[   12.090269] type=1505 audit(1420513997.033:3):  operation="profile_load" pid=551 name="/usr/lib/NetworkManager/nm-dhcp-client.action"
[   12.090530] type=1505 audit(1420513997.033:4):  operation="profile_load" pid=551 name="/usr/lib/connman/scripts/dhclient-script"
[   12.194791] psmouse serio1: ID: 10 00 64
[   12.237005] input: ImPS/2 Generic Wheel Mouse as /devices/platform/i8042/serio1/input/input4
[   13.385184] ppdev: user-space parallel port driver
[   15.429930] ENS1371 0000:02:02.0: PCI INT A -> GSI 16 (level, low) -> IRQ 16
[   15.886414] Console: switching to colour frame buffer device 80x30
[   17.630934] type=1505 audit(1420514002.587:5):  operation="profile_load" pid=863 name="/usr/share/gdm/guest-session/Xsession"
[   17.679105] type=1505 audit(1420514002.635:6):  operation="profile_replace" pid=864 name="/sbin/dhclient3"
[   17.679619] type=1505 audit(1420514002.635:7):  operation="profile_replace" pid=864 name="/usr/lib/NetworkManager/nm-dhcp-client.action"
[   17.679887] type=1505 audit(1420514002.635:8):  operation="profile_replace" pid=864 name="/usr/lib/connman/scripts/dhclient-script"
[   17.773242] type=1505 audit(1420514002.695:9):  operation="profile_load" pid=865 name="/usr/bin/evince"
[   17.823656] type=1505 audit(1420514002.780:10):  operation="profile_load" pid=865 name="/usr/bin/evince-previewer"
[   17.832253] type=1505 audit(1420514002.787:11):  operation="profile_load" pid=865 name="/usr/bin/evince-thumbnailer"
[   17.887561] type=1505 audit(1420514002.844:12):  operation="profile_load" pid=868 name="/usr/lib/cups/backend/cups-pdf"
[   17.921420] type=1505 audit(1420514002.844:13):  operation="profile_load" pid=868 name="/usr/sbin/cupsd"
[   18.134544] type=1505 audit(1420514003.093:14):  operation="profile_load" pid=871 name="/usr/sbin/tcpdump"
[   18.284741] eth4: IPv6 duplicate address fe80::250:56ff:fe25:c419 detected!
[   20.871336] acpiphp: ACPI Hot Plug PCI Controller Driver version: 0.5
[   20.871758] acpiphp: Slot [32] registered
[   20.872253] acpiphp: Slot [33] registered
[   20.873139] acpiphp: Slot [34] registered
[   20.873557] acpiphp: Slot [35] registered
[   20.873898] acpiphp: Slot [36] registered
[   20.875565] acpiphp: Slot [37] registered
[   20.876207] acpiphp: Slot [38] registered
[   20.877097] acpiphp: Slot [39] registered
[   20.877879] acpiphp: Slot [40] registered
[   20.879424] acpiphp: Slot [41] registered
[   20.881002] acpiphp: Slot [42] registered
[   20.881636] acpiphp: Slot [43] registered
[   20.884941] acpiphp: Slot [44] registered
[   20.885850] acpiphp: Slot [45] registered
[   20.886484] acpiphp: Slot [46] registered
[   20.886821] acpiphp: Slot [47] registered
[   20.887752] acpiphp: Slot [48] registered
[   20.888469] acpiphp: Slot [49] registered
[   20.888848] acpiphp: Slot [50] registered
[   20.889193] acpiphp: Slot [51] registered
[   20.889929] acpiphp: Slot [52] registered
[   20.890350] acpiphp: Slot [53] registered
[   20.890696] acpiphp: Slot [54] registered
[   20.890914] acpiphp: Slot [55] registered
[   20.891386] acpiphp: Slot [56] registered
[   20.891904] acpiphp: Slot [57] registered
[   20.892407] acpiphp: Slot [58] registered
[   20.892626] acpiphp: Slot [59] registered
[   20.892815] acpiphp: Slot [60] registered
[   20.893004] acpiphp: Slot [61] registered
[   20.894912] acpiphp: Slot [62] registered
[   20.897055] acpiphp: Slot [63] registered
[   20.897614] acpiphp_glue: Slot 160 already registered by another hotplug driver
[   20.897646] acpiphp_glue: Slot 192 already registered by another hotplug driver
[   20.897674] acpiphp_glue: Slot 224 already registered by another hotplug driver
[   20.897704] acpiphp_glue: Slot 256 already registered by another hotplug driver
[   20.897765] acpiphp_glue: Slot 161 already registered by another hotplug driver
[   20.897812] acpiphp_glue: Slot 162 already registered by another hotplug driver
[   20.897834] acpiphp_glue: Slot 163 already registered by another hotplug driver
[   20.897859] acpiphp_glue: Slot 164 already registered by another hotplug driver
[   20.897880] acpiphp_glue: Slot 165 already registered by another hotplug driver
[   20.897931] acpiphp_glue: Slot 166 already registered by another hotplug driver
[   20.897954] acpiphp_glue: Slot 167 already registered by another hotplug driver
[   20.898036] acpiphp_glue: Slot 193 already registered by another hotplug driver
[   20.898064] acpiphp_glue: Slot 194 already registered by another hotplug driver
[   20.898117] acpiphp_glue: Slot 195 already registered by another hotplug driver
[   20.898235] acpiphp_glue: Slot 196 already registered by another hotplug driver
[   20.898296] acpiphp_glue: Slot 197 already registered by another hotplug driver
[   20.898321] acpiphp_glue: Slot 198 already registered by another hotplug driver
[   20.898761] acpiphp_glue: Slot 199 already registered by another hotplug driver
[   20.898788] acpiphp_glue: Slot 225 already registered by another hotplug driver
[   20.898826] acpiphp_glue: Slot 226 already registered by another hotplug driver
[   20.898852] acpiphp_glue: Slot 227 already registered by another hotplug driver
[   20.898877] acpiphp_glue: Slot 228 already registered by another hotplug driver
[   20.898902] acpiphp_glue: Slot 229 already registered by another hotplug driver
[   20.898927] acpiphp_glue: Slot 230 already registered by another hotplug driver
[   20.898952] acpiphp_glue: Slot 231 already registered by another hotplug driver
[   20.899054] acpiphp_glue: Slot 257 already registered by another hotplug driver
[   20.899081] acpiphp_glue: Slot 258 already registered by another hotplug driver
[   20.899107] acpiphp_glue: Slot 259 already registered by another hotplug driver
[   20.899133] acpiphp_glue: Slot 260 already registered by another hotplug driver
[   20.899160] acpiphp_glue: Slot 261 already registered by another hotplug driver
[   20.899186] acpiphp_glue: Slot 262 already registered by another hotplug driver
[   20.908629] acpiphp_glue: Slot 263 already registered by another hotplug driver
[   21.651268] vmmemctl: started kernel thread pid=1009
[   21.651285] VMware memory control driver initialized
[  113.522093] end_request: I/O error, dev fd0, sector 0
[  113.546226] end_request: I/O error, dev fd0, sector 0
[  474.068158] core is opening.
[  474.068165] core has opened.
[  475.077795] core is opening.
[  475.077799] 47622115 FSM-into-INIT
[  475.077806] [UEMAC][init]CCCH_defaultconfig completed
[  475.077808] MAC logical channel config 
[  475.077809] 47622116 INIT -> IDLE
[  475.077810] core has opened.
[  476.085951] core is opening.
[  476.085955] [RLC][rlc_init_enter] PCCH instance has bulided
[  476.085956] [RLC][rlc_init_enter] BCCH instance has bulided
[  476.085958] core has opened.
[  477.092917] core is opening.
[  477.092920] [PDCP][init_enter] pdcp has opened
[  477.092921]  core has opened.
[  478.102492] core is opening.
[  478.102496] st_init_enter().
[  478.102497] st_init_exit().
[  478.102498] st_idle_enter().
[  478.102499] core has opened.
[  479.109177] core is opening.
[  479.109179] []BEFORE DRIVE!
[  479.109190] []BEFORE FLUSH!
[  479.109190] []AFTER FLUSH!
[  479.109191] core has opened.
[  479.109432] fsm_tm_expire
[  479.109433] []BEFORE DRIVE!
[  479.109434] []BEFORE FLUSH!
[  479.109435] []AFTER FLUSH!
[  479.109436] fsm core completes self drive.
[  479.109437] ready to unlock
[  480.127739] []BEFORE DRIVE!
[  480.127744] 		IP tos: 192;IP version:4;protocol:2
[  480.127746] 		IP source addr:10.10.10.10;IP dest addr:224.0.0.22;
[  480.127747] []BEFORE FLUSH!
[  480.127748] []AFTER FLUSH!
[  480.192683] []BEFORE DRIVE!
[  480.192687] 		IP tos: 0;IP version:4;protocol:17
[  480.192689] 		IP source addr:10.10.10.10;IP dest addr:224.0.0.251;
[  480.192691] 		user id =10,drb id = 3
[  480.192692] 		pbCh = 0, rbId = 3
[  480.192693] [IPADP] the data is 
[  480.192694] =====================================================
[  480.192695] 73 2d 73 64 04 5f 75 64 70 05 6c 6f 63 61 6c 00 
[  480.192705] 00 0c 00 01 00 00 11 94 00 14 0c 5f 77 6f 72 6b 
[  480.192715] 73 74 61 74 69 6f 6e 04 5f 74 63 70 c0 23 c0 34 
[  480.192724] 00 0c 
[  480.192726] =====================================================
[  480.192728] []BEFORE FLUSH!
[  480.192729] []AFTER FLUSH!
[  480.192741] [PDCP][pdcp_pkt_receive_from_upper] -->receive from upper
[  480.192743] [PDCP][pdcp_pkt_receive_from_upper] <--send to RLC
[  480.192744] [PDCP][pdcp_pkt_receive_from_upper] the data is 
[  480.192745] =====================================================
[  480.192746] 00 00 
[  480.192748] =====================================================
[  480.192802] [RLC][rlc_pkt_receive_from_upper] rnti=62, rbId=3, pbch=0
[  480.192804] [RLC][findInsByRbid] cannot find the UE(rnti is 62)
[  480.192808] [RLC][rlc_pkt_receive_from_upper] SV(ins_mode)=0
[  480.192810] [RLC][rlc_pkt_receive_from_upper] cannot distinfuish this  0[RLC][rlc_pkt_receive_from_upper] cannot find the instance or the instance is suspended
[  480.209345] []BEFORE DRIVE!
[  480.209361] 		IP tos: 0;IP version:4;protocol:17
[  480.209362] 		IP source addr:10.10.10.10;IP dest addr:224.0.0.251;
[  480.209364] 		user id =10,drb id = 3
[  480.209365] 		pbCh = 0, rbId = 3
[  480.209366] [IPADP] the data is 
[  480.209367] =====================================================
[  480.209368] 5d 0c 5f 77 6f 72 6b 73 74 61 74 69 6f 6e 04 5f 
[  480.209378] 74 63 70 05 6c 6f 63 61 6c 00 00 ff 00 01 0b 7a 
[  480.209388] 6c 6a 2d 64 65 73 6b 74 6f 70 c0 2d 00 ff 00 01 
[  480.209398] 02 31 
[  480.209400] =====================================================
[  480.209402] []BEFORE FLUSH!
[  480.209402] []AFTER FLUSH!
[  480.209410] [PDCP][pdcp_pkt_receive_from_upper] -->receive from upper
[  480.209412] [PDCP][pdcp_pkt_receive_from_upper] <--send to RLC
[  480.209413] [PDCP][pdcp_pkt_receive_from_upper] the data is 
[  480.209414] =====================================================
[  480.209415] 00 00 
[  480.209416] =====================================================
[  480.209420] [RLC][rlc_pkt_receive_from_upper] rnti=62, rbId=3, pbch=0
[  480.209422] [RLC][findInsByRbid] cannot find the UE(rnti is 62)
[  480.209423] [RLC][rlc_pkt_receive_from_upper] SV(ins_mode)=0
[  480.209424] [RLC][rlc_pkt_receive_from_upper] cannot distinfuish this  0[RLC][rlc_pkt_receive_from_upper] cannot find the instance or the instance is suspended
[  480.458915] []BEFORE DRIVE!
[  480.458920] 		IP tos: 0;IP version:4;protocol:17
[  480.458922] 		IP source addr:10.10.10.10;IP dest addr:224.0.0.251;
[  480.458923] 		user id =10,drb id = 3
[  480.458924] 		pbCh = 0, rbId = 3
[  480.458925] [IPADP] the data is 
[  480.458926] =====================================================
[  480.458927] 5d 0c 5f 77 6f 72 6b 73 74 61 74 69 6f 6e 04 5f 
[  480.458937] 74 63 70 05 6c 6f 63 61 6c 00 00 ff 00 01 0b 7a 
[  480.458947] 6c 6a 2d 64 65 73 6b 74 6f 70 c0 2d 00 ff 00 01 
[  480.458957] 02 31 
[  480.458959] =====================================================
[  480.458961] []BEFORE FLUSH!
[  480.458962] []AFTER FLUSH!
[  480.458970] [PDCP][pdcp_pkt_receive_from_upper] -->receive from upper
[  480.458972] [PDCP][pdcp_pkt_receive_from_upper] <--send to RLC
[  480.458973] [PDCP][pdcp_pkt_receive_from_upper] the data is 
[  480.458974] =====================================================
[  480.458975] 00 00 
[  480.458977] =====================================================
[  480.458980] [RLC][rlc_pkt_receive_from_upper] rnti=62, rbId=3, pbch=0
[  480.458982] [RLC][findInsByRbid] cannot find the UE(rnti is 62)
[  480.458983] [RLC][rlc_pkt_receive_from_upper] SV(ins_mode)=0
[  480.458984] [RLC][rlc_pkt_receive_from_upper] cannot distinfuish this  0[RLC][rlc_pkt_receive_from_upper] cannot find the instance or the instance is suspended
[  480.709214] []BEFORE DRIVE!
[  480.709219] 		IP tos: 0;IP version:4;protocol:17
[  480.709221] 		IP source addr:10.10.10.10;IP dest addr:224.0.0.251;
[  480.709223] 		user id =10,drb id = 3
[  480.709224] 		pbCh = 0, rbId = 3
[  480.709224] [IPADP] the data is 
[  480.709225] =====================================================
[  480.709226] 5d 0c 5f 77 6f 72 6b 73 74 61 74 69 6f 6e 04 5f 
[  480.709236] 74 63 70 05 6c 6f 63 61 6c 00 00 ff 00 01 0b 7a 
[  480.709246] 6c 6a 2d 64 65 73 6b 74 6f 70 c0 2d 00 ff 00 01 
[  480.709256] 02 31 
[  480.709258] =====================================================
[  480.709260] []BEFORE FLUSH!
[  480.709261] []AFTER FLUSH!
[  480.709269] [PDCP][pdcp_pkt_receive_from_upper] -->receive from upper
[  480.709271] [PDCP][pdcp_pkt_receive_from_upper] <--send to RLC
[  480.709272] [PDCP][pdcp_pkt_receive_from_upper] the data is 
[  480.709283] =====================================================
[  480.709284] 00 00 
[  480.709286] =====================================================
[  480.709290] [RLC][rlc_pkt_receive_from_upper] rnti=62, rbId=3, pbch=0
[  480.709291] [RLC][findInsByRbid] cannot find the UE(rnti is 62)
[  480.709292] [RLC][rlc_pkt_receive_from_upper] SV(ins_mode)=0
[  480.709294] [RLC][rlc_pkt_receive_from_upper] cannot distinfuish this  0[RLC][rlc_pkt_receive_from_upper] cannot find the instance or the instance is suspended
[  480.908781] []BEFORE DRIVE!
[  480.908787] 		IP tos: 0;IP version:4;protocol:17
[  480.908790] 		IP source addr:10.10.10.10;IP dest addr:224.0.0.251;
[  480.908793] 		user id =10,drb id = 3
[  480.908795] 		pbCh = 0, rbId = 3
[  480.908796] [IPADP] the data is 
[  480.908798] =====================================================
[  480.908800] 5d 0c 5f 77 6f 72 6b 73 74 61 74 69 6f 6e 04 5f 
[  480.908818] 74 63 70 05 6c 6f 63 61 6c 00 00 10 80 01 00 00 
[  480.908836] 11 94 00 01 00 0b 7a 6c 6a 2d 64 65 73 6b 74 6f 
[  480.908855] 70 c0 
[  480.908858] =====================================================
[  480.908861] []BEFORE FLUSH!
[  480.908862] []AFTER FLUSH!
[  480.908873] [PDCP][pdcp_pkt_receive_from_upper] -->receive from upper
[  480.908876] [PDCP][pdcp_pkt_receive_from_upper] <--send to RLC
[  480.908878] [PDCP][pdcp_pkt_receive_from_upper] the data is 
[  480.908880] =====================================================
[  480.908882] 00 00 
[  480.908885] =====================================================
[  480.908891] [RLC][rlc_pkt_receive_from_upper] rnti=62, rbId=3, pbch=0
[  480.908893] [RLC][findInsByRbid] cannot find the UE(rnti is 62)
[  480.908895] [RLC][rlc_pkt_receive_from_upper] SV(ins_mode)=0
[  480.908897] [RLC][rlc_pkt_receive_from_upper] cannot distinfuish this  0[RLC][rlc_pkt_receive_from_upper] cannot find the instance or the instance is suspended
[  481.232860] []BEFORE DRIVE!
[  481.232864] 		IP tos: 0;IP version:4;protocol:17
[  481.232866] 		IP source addr:10.10.10.10;IP dest addr:224.0.0.251;
[  481.232868] 		user id =10,drb id = 3
[  481.232869] 		pbCh = 0, rbId = 3
[  481.232870] [IPADP] the data is 
[  481.232871] =====================================================
[  481.232872] 73 2d 73 64 04 5f 75 64 70 05 6c 6f 63 61 6c 00 
[  481.232882] 00 0c 00 01 00 00 11 94 00 14 0c 5f 77 6f 72 6b 
[  481.232892] 73 74 61 74 69 6f 6e 04 5f 74 63 70 c0 23 c0 34 
[  481.232902] 00 0c 
[  481.232904] =====================================================
[  481.232906] []BEFORE FLUSH!
[  481.232906] []AFTER FLUSH!
[  481.232915] [PDCP][pdcp_pkt_receive_from_upper] -->receive from upper
[  481.232917] [PDCP][pdcp_pkt_receive_from_upper] <--send to RLC
[  481.232918] [PDCP][pdcp_pkt_receive_from_upper] the data is 
[  481.232919] =====================================================
[  481.232920] 00 00 
[  481.232922] =====================================================
[  481.232926] [RLC][rlc_pkt_receive_from_upper] rnti=62, rbId=3, pbch=0
[  481.232928] [RLC][findInsByRbid] cannot find the UE(rnti is 62)
[  481.232929] [RLC][rlc_pkt_receive_from_upper] SV(ins_mode)=0
[  481.232930] [RLC][rlc_pkt_receive_from_upper] cannot distinfuish this  0[RLC][rlc_pkt_receive_from_upper] cannot find the instance or the instance is suspended
[  481.944823] []BEFORE DRIVE!
[  481.945782] 		IP tos: 0;IP version:4;protocol:17
[  481.945785] 		IP source addr:10.10.10.10;IP dest addr:224.0.0.251;
[  481.946374] 		user id =10,drb id = 3
[  481.946376] 		pbCh = 0, rbId = 3
[  481.946377] [IPADP] the data is 
[  481.946378] =====================================================
[  481.946380] 5d 0c 5f 77 6f 72 6b 73 74 61 74 69 6f 6e 04 5f 
[  481.946604] 74 63 70 05 6c 6f 63 61 6c 00 00 10 80 01 00 00 
[  481.946659] 11 94 00 01 00 0b 7a 6c 6a 2d 64 65 73 6b 74 6f 
[  481.946685] 70 c0 
[  481.946688] =====================================================
[  481.946691] []BEFORE FLUSH!
[  481.946692] []AFTER FLUSH!
[  481.946703] [PDCP][pdcp_pkt_receive_from_upper] -->receive from upper
[  481.946705] [PDCP][pdcp_pkt_receive_from_upper] <--send to RLC
[  481.946707] [PDCP][pdcp_pkt_receive_from_upper] the data is 
[  481.946708] =====================================================
[  481.946709] 00 00 
[  481.946712] =====================================================
[  481.946718] [RLC][rlc_pkt_receive_from_upper] rnti=62, rbId=3, pbch=0
[  481.946720] [RLC][findInsByRbid] cannot find the UE(rnti is 62)
[  481.946721] [RLC][rlc_pkt_receive_from_upper] SV(ins_mode)=0
[  481.946723] [RLC][rlc_pkt_receive_from_upper] cannot distinfuish this  0[RLC][rlc_pkt_receive_from_upper] cannot find the instance or the instance is suspended
[  483.261483] []BEFORE DRIVE!
[  483.261489] 		IP tos: 0;IP version:4;protocol:17
[  483.261492] 		IP source addr:10.10.10.10;IP dest addr:224.0.0.251;
[  483.261495] 		user id =10,drb id = 3
[  483.261497] 		pbCh = 0, rbId = 3
[  483.261498] [IPADP] the data is 
[  483.261500] =====================================================
[  483.261502] 73 2d 73 64 04 5f 75 64 70 05 6c 6f 63 61 6c 00 
[  483.261521] 00 0c 00 01 00 00 11 94 00 14 0c 5f 77 6f 72 6b 
[  483.261539] 73 74 61 74 69 6f 6e 04 5f 74 63 70 c0 23 c0 34 
[  483.261557] 00 0c 
[  483.261560] =====================================================
[  483.261563] []BEFORE FLUSH!
[  483.261565] []AFTER FLUSH!
[  483.261576] [PDCP][pdcp_pkt_receive_from_upper] -->receive from upper
[  483.261579] [PDCP][pdcp_pkt_receive_from_upper] <--send to RLC
[  483.261580] [PDCP][pdcp_pkt_receive_from_upper] the data is 
[  483.261582] =====================================================
[  483.261584] 00 00 
[  483.261588] =====================================================
[  483.261593] [RLC][rlc_pkt_receive_from_upper] rnti=62, rbId=3, pbch=0
[  483.261596] [RLC][findInsByRbid] cannot find the UE(rnti is 62)
[  483.261597] [RLC][rlc_pkt_receive_from_upper] SV(ins_mode)=0
[  483.261599] [RLC][rlc_pkt_receive_from_upper] cannot distinfuish this  0[RLC][rlc_pkt_receive_from_upper] cannot find the instance or the instance is suspended
[  483.578614] []BEFORE DRIVE!
[  483.578621] 		IP tos: 192;IP version:4;protocol:2
[  483.578625] 		IP source addr:10.10.10.10;IP dest addr:224.0.0.22;
[  483.578627] []BEFORE FLUSH!
[  483.578628] []AFTER FLUSH!
[  483.977488] []BEFORE DRIVE!
[  483.977494] 		IP tos: 0;IP version:4;protocol:17
[  483.977498] 		IP source addr:10.10.10.10;IP dest addr:224.0.0.251;
[  483.977501] 		user id =10,drb id = 3
[  483.977502] 		pbCh = 0, rbId = 3
[  483.977504] [IPADP] the data is 
[  483.977506] =====================================================
[  483.977508] 5d 0c 5f 77 6f 72 6b 73 74 61 74 69 6f 6e 04 5f 
[  483.977526] 74 63 70 05 6c 6f 63 61 6c 00 00 10 80 01 00 00 
[  483.977544] 11 94 00 01 00 0b 7a 6c 6a 2d 64 65 73 6b 74 6f 
[  483.977562] 70 c0 
[  483.977565] =====================================================
[  483.977568] []BEFORE FLUSH!
[  483.977570] []AFTER FLUSH!
[  483.977581] [PDCP][pdcp_pkt_receive_from_upper] -->receive from upper
[  483.977583] [PDCP][pdcp_pkt_receive_from_upper] <--send to RLC
[  483.977585] [PDCP][pdcp_pkt_receive_from_upper] the data is 
[  483.977587] =====================================================
[  483.977589] 00 00 
[  483.977592] =====================================================
[  483.977597] [RLC][rlc_pkt_receive_from_upper] rnti=62, rbId=3, pbch=0
[  483.977600] [RLC][findInsByRbid] cannot find the UE(rnti is 62)
[  483.977603] [RLC][rlc_pkt_receive_from_upper] SV(ins_mode)=0
[  483.977605] [RLC][rlc_pkt_receive_from_upper] cannot distinfuish this  0[RLC][rlc_pkt_receive_from_upper] cannot find the instance or the instance is suspended
[  485.051407] 48622215 IDLE exit
[  485.051412] 48622216 IDLE -> ULSCHED
[  485.051416] [ENB MAC] SV(UL_sched_flag):0
[  485.051419] 48622217 ULSCHED -> IDLE
[  495.023384] 49622152 IDLE exit
[  495.023392] delete the overtime TC-RNTI(such as, when UE hasn't receive the msg2) 
[  495.024316] 49622246 IDLE exit
[  495.024320] 49622246 IDLE -> ULSCHED
[  495.024323] [ENB MAC] SV(UL_sched_flag):0
[  495.024326] 49622247 ULSCHED -> IDLE
[  504.997307] 50622284 IDLE exit
[  504.997312] 50622285 IDLE -> ULSCHED
[  504.997315] [ENB MAC] SV(UL_sched_flag):0
[  504.997319] 50622286 ULSCHED -> IDLE
[  514.969307] 51622224 IDLE exit
[  514.969315] delete the overtime TC-RNTI(such as, when UE hasn't receive the msg2) 
[  514.970259] 51622319 IDLE exit
[  514.970262] 51622320 IDLE -> ULSCHED
[  514.970266] [ENB MAC] SV(UL_sched_flag):0
[  514.970268] 51622320 ULSCHED -> IDLE
[  524.943273] 52622360 IDLE exit
[  524.943277] 52622361 IDLE -> ULSCHED
[  524.943281] [ENB MAC] SV(UL_sched_flag):0
[  524.943285] 52622362 ULSCHED -> IDLE
[  534.915245] 53622297 IDLE exit
[  534.915253] delete the overtime TC-RNTI(such as, when UE hasn't receive the msg2) 
[  534.916200] 53622393 IDLE exit
[  534.916204] 53622393 IDLE -> ULSCHED
[  534.916207] [ENB MAC] SV(UL_sched_flag):0
[  534.916210] 53622394 ULSCHED -> IDLE
[  544.890749] 54622574 IDLE exit
[  544.890753] 54622588 IDLE -> ULSCHED
[  544.890755] [ENB MAC] SV(UL_sched_flag):0
[  544.890758] 54622589 ULSCHED -> IDLE
[  554.861155] 55622367 IDLE exit
[  554.861163] delete the overtime TC-RNTI(such as, when UE hasn't receive the msg2) 
[  554.864295] 55622682 IDLE exit
[  554.864409] 55622687 IDLE -> ULSCHED
[  554.864413] [ENB MAC] SV(UL_sched_flag):0
[  554.864417] 55622695 ULSCHED -> IDLE
[  564.838273] 56622820 IDLE exit
[  564.838277] 56622821 IDLE -> ULSCHED
[  564.838279] [ENB MAC] SV(UL_sched_flag):0
[  564.838282] 56622821 ULSCHED -> IDLE
[  574.807136] 57622445 IDLE exit
[  574.807144] delete the overtime TC-RNTI(such as, when UE hasn't receive the msg2) 
[  574.811090] 57622842 IDLE exit
[  574.811094] 57622842 IDLE -> ULSCHED
[  574.811097] [ENB MAC] SV(UL_sched_flag):0
[  574.811099] 57622843 ULSCHED -> IDLE
[  584.784117] 58622883 IDLE exit
[  584.784122] 58622884 IDLE -> ULSCHED
[  584.784125] [ENB MAC] SV(UL_sched_flag):0
[  584.784129] 58622885 ULSCHED -> IDLE
[  594.753090] 59622519 IDLE exit
[  594.753098] delete the overtime TC-RNTI(such as, when UE hasn't receive the msg2) 
[  594.757028] 59622915 IDLE exit
[  594.757031] 59622915 IDLE -> ULSCHED
[  594.757034] [ENB MAC] SV(UL_sched_flag):0
[  594.757037] 59622916 ULSCHED -> IDLE
[  604.730010] 60622952 IDLE exit
[  604.730015] 60622953 IDLE -> ULSCHED
[  604.730018] [ENB MAC] SV(UL_sched_flag):0
[  604.730022] 60622954 ULSCHED -> IDLE
[  614.698985] 61622588 IDLE exit
[  614.698993] delete the overtime TC-RNTI(such as, when UE hasn't receive the msg2) 
[  614.702998] 61622991 IDLE exit
[  614.703001] 61622991 IDLE -> ULSCHED
[  614.703004] [ENB MAC] SV(UL_sched_flag):0
[  614.703008] 61622992 ULSCHED -> IDLE
[  624.676095] 62623040 IDLE exit
[  624.676100] 62623041 IDLE -> ULSCHED
[  624.676103] [ENB MAC] SV(UL_sched_flag):0
[  624.676107] 62623042 ULSCHED -> IDLE
[  634.644969] 63622666 IDLE exit
[  634.644977] delete the overtime TC-RNTI(such as, when UE hasn't receive the msg2) 
[  634.648937] 63623064 IDLE exit
[  634.648942] 63623065 IDLE -> ULSCHED
[  634.648945] [ENB MAC] SV(UL_sched_flag):0
[  634.648948] 63623065 ULSCHED -> IDLE
[  644.621973] 64623106 IDLE exit
[  644.621978] 64623108 IDLE -> ULSCHED
[  644.621981] [ENB MAC] SV(UL_sched_flag):0
[  644.621985] 64623109 ULSCHED -> IDLE
[  654.590901] 65622738 IDLE exit
[  654.590909] delete the overtime TC-RNTI(such as, when UE hasn't receive the msg2) 
[  654.594904] 65623140 IDLE exit
[  654.594923] 65623142 IDLE -> ULSCHED
[  654.594926] [ENB MAC] SV(UL_sched_flag):0
[  654.594930] 65623143 ULSCHED -> IDLE
[  664.568676] 66623257 IDLE exit
[  664.568679] 66623258 IDLE -> ULSCHED
[  664.568681] [ENB MAC] SV(UL_sched_flag):0
[  664.568684] 66623258 ULSCHED -> IDLE
[  674.536855] 67622813 IDLE exit
[  674.536863] delete the overtime TC-RNTI(such as, when UE hasn't receive the msg2) 
[  674.541812] 67623311 IDLE exit
[  674.541816] 67623311 IDLE -> ULSCHED
[  674.541819] [ENB MAC] SV(UL_sched_flag):0
[  674.541822] 67623312 ULSCHED -> IDLE
[  684.516662] 68623536 IDLE exit
[  684.516667] 68623537 IDLE -> ULSCHED
[  684.516670] [ENB MAC] SV(UL_sched_flag):0
[  684.516674] 68623537 ULSCHED -> IDLE
[  694.482802] 69622887 IDLE exit
[  694.482810] delete the overtime TC-RNTI(such as, when UE hasn't receive the msg2) 
[  694.489983] 69623550 IDLE exit
[  694.490048] 69623611 IDLE -> ULSCHED
[  694.490145] [ENB MAC] SV(UL_sched_flag):0
[  694.490170] 69623627 ULSCHED -> IDLE
[  704.464404] 70623782 IDLE exit
[  704.464678] 70623818 IDLE -> ULSCHED
[  704.465150] [ENB MAC] SV(UL_sched_flag):0
[  704.465430] 70623893 ULSCHED -> IDLE
[  714.428792] 71622962 IDLE exit
[  714.428817] delete the overtime TC-RNTI(such as, when UE hasn't receive the msg2) 
[  714.438679] 71623957 IDLE exit
[  714.438684] 71623958 IDLE -> ULSCHED
[  714.438695] [ENB MAC] SV(UL_sched_flag):0
[  714.438699] 71623960 ULSCHED -> IDLE
[  724.411692] 72623998 IDLE exit
[  724.411697] 72623999 IDLE -> ULSCHED
[  724.411700] [ENB MAC] SV(UL_sched_flag):0
[  724.411704] 72624000 ULSCHED -> IDLE
[  734.374664] 73623032 IDLE exit
[  734.374672] delete the overtime TC-RNTI(such as, when UE hasn't receive the msg2) 
[  734.384639] 73624033 IDLE exit
[  734.384643] 73624033 IDLE -> ULSCHED
[  734.384646] [ENB MAC] SV(UL_sched_flag):0
[  734.384649] 73624034 ULSCHED -> IDLE
[  744.357670] 74624075 IDLE exit
[  744.357675] 74624076 IDLE -> ULSCHED
[  744.357678] [ENB MAC] SV(UL_sched_flag):0
[  744.357682] 74624077 ULSCHED -> IDLE
[  754.320678] 75623113 IDLE exit
[  754.320686] delete the overtime TC-RNTI(such as, when UE hasn't receive the msg2) 
[  754.330598] 75624108 IDLE exit
[  754.330603] 75624109 IDLE -> ULSCHED
[  754.330606] [ENB MAC] SV(UL_sched_flag):0
[  754.330610] 75624109 ULSCHED -> IDLE
[  756.530692] [ENB SRIO] ENTER packet_send_to_upperlayer(), and the fsm_ntohl(sh_ptr->type) is 1
[  756.530697] [ENB SRIO]Received packet cqi = 9,rapid = 0
[  756.530708] 75844724 IDLE exit
[  756.530711] 75844724 IDLE -> RASCHED
[  756.530714] receive RA from PHY  response to the RA_REQ from UE(RA-RNTI) :62,RAPID:0 
[  756.530726] [HEXI]RAR NUMBER:1
[  756.530728] [HEXI]Message1 index1 = 0,62,1,9,0
[  756.530732] [Geng] In Simple_System_Allocate_Rnti function TC-RNTI:61
[  756.530735] 
[  756.530736] [Geng]In the function Do_Data_of_MacRarPdu_ulgrant the value of TC-RNTI is:61;RAPID IS:0
[  756.530738] [HEXI] The first RAR
[  756.530740] [HEXI]m_rar_infor->m_tcrnti = 61
[  756.530747] [HEXI]GET RA_RNTI:62
[  756.530750] [HEXI]RNTI IN ICI TO SRIO:62
[  756.530751] [HEXI]RAR SK_BUFF DATA:
[  756.530753]  @ 
[  756.530756] [HEXI]RAPID BEFORE SENDING:A
[  756.530760] 
[  756.530760] In the function DL_RIV the value of RIV is:400
[  756.530762] 
[  756.530763] ##After Test Do_RAR_DCI1C:
[  756.530765] Some important paramters are:  RA-RNTI:62  dci_format:4  m_tbsize:392  CFI:1  RIV:400  m_gap:1  I_TBS:14
[  756.530773] 75844730 RASCHED -> IDLE
[  756.530779] [ENB SRIO]Type is B
[  756.530781] [DAFANGZI]The RNTI of the packet is 62
[  756.530782] [ENB SRIO] SV(packet_count)=0
[  756.530785] [ENB SRIO]The rnti of the packet is 15872, sending to ETH
[  756.530788] [srio][idle_ioctl_handler][-->]IOCCMD_RARDCI.
[  756.530791] [MF]IOCCMD has got rnti = 62
[  756.532729] [ENB SRIO] ENTER packet_send_to_upperlayer(), and the fsm_ntohl(sh_ptr->type) is 1
[  756.532739] [ENB SRIO]Received packet cqi = 9,rapid = 4
[  756.532755] 75844929 IDLE exit
[  756.532758] 75844929 IDLE -> RASCHED
[  756.532761] receive RA from PHY  response to the RA_REQ from UE(RA-RNTI) :62,RAPID:4 
[  756.532766] [HEXI]RAR NUMBER:1
[  756.532769] [HEXI]Message1 index1 = 0,62,1,9,4
[  756.532772] [Geng] In Simple_System_Allocate_Rnti function TC-RNTI:64
[  756.532775] 
[  756.532775] [Geng]In the function Do_Data_of_MacRarPdu_ulgrant the value of TC-RNTI is:64;RAPID IS:4
[  756.532778] [HEXI] The first RAR
[  756.532780] [HEXI]m_rar_infor->m_tcrnti = 64
[  756.532782] [HEXI]GET RA_RNTI:62
[  756.532784] [HEXI]RNTI IN ICI TO SRIO:62
[  756.532785] [HEXI]RAR SK_BUFF DATA:
[  756.532787]  D 
[  756.532790] [HEXI]RAPID BEFORE SENDING:E
[  756.532792] 
[  756.532793] In the function DL_RIV the value of RIV is:460
[  756.532795] 
[  756.532796] ##After Test Do_RAR_DCI1C:
[  756.532797] Some important paramters are:  RA-RNTI:62  dci_format:4  m_tbsize:392  CFI:1  RIV:460  m_gap:1  I_TBS:14
[  756.532805] 75844934 RASCHED -> IDLE
[  756.532809] [ENB SRIO]Type is B
[  756.532811] [DAFANGZI]The RNTI of the packet is 62
[  756.532813] [ENB SRIO] SV(packet_count)=1
[  756.532815] [ENB SRIO]The rnti of the packet is 15872, sending to ETH
[  756.532818] [srio][idle_ioctl_handler][-->]IOCCMD_RARDCI.
[  756.532820] [MF]IOCCMD has got rnti = 62
[  756.534143] [ENB SRIO] ENTER packet_send_to_upperlayer(), and the fsm_ntohl(sh_ptr->type) is 2
[  756.534147] [ENB SRIO]The rnti of the packet is 64, sending to MAC
[  756.534152] 75845069 IDLE exit
[  756.534155] handle the data packet from lower layer
[  756.534159] [HEXI]HEAD LEN LCID:29
[  756.534161] [HEXI]HEAD LEN LCID:0
[  756.534163] [HEXI]7BIT HEAD LEN :3
[  756.534165] [HEXI]UL HEAD LEN:3
[  756.534167] [Geng]: the type of rnti is TC-RNTI, and msg3 don't have C-RNTI's MAC contorl data 
[  756.534169] [HEXI]DECOMPLEX T_C_RNTI
[  756.534171] [HEXI]T_C_RNTI CONTROL LCID:29
[  756.534173] [Geng]SV(UL_sched_flag):1
[  756.534175] ###BSR_SIZE is:200[Geng]In function Add_sueinfo_Node rnti is:64
[  756.534191] 
[  756.534191] ###finsh inser node!
[  756.534193] [DECOMPLEX]T_C_RNTI CONTROL ELEMENTS:1
[  756.534195] [HEXI]T_C_RNTI DECOMPLEX LCID:0
[  756.534207] [DECOMPLEX] IOCCMD_MACtoRRC_RNTI_indicate, rnti = 64
[  756.534208]  [HEXI]THE OFFSET AND THE LEN:4,2
[  756.534212] [HEXI]UE ID AND ESTABLUSHMENT CAUSE AND THE OFFSET:131072,184614912,4
[  756.534262] st_idle_exit().
[  756.534265] rrc_ioctl_handler().
[  756.534266] [rrc] ioctl code = 49[rrc] receive IOCCMD_MACTORRC_REPORT_CRNTI
[  756.534270] [rrc] in crnti_to_uefsmid(crnti = 64)
[  756.534271] crnti_to_uefsmid: ueFsm_list_head is empty.
[  756.534273] [rrc] building a new fsm!
[  756.534276] new_ue_fsm: uefsmid=1
[  756.534285] st_idle_enter().
